Component: ARM Compiler 5.06 update 7 (build 960) Tool: armlink [4d3601]

==============================================================================

Section Cross References

    startup_stm32f405xx.o(STACK) refers (Special) to heapauxi.o(.text) for __use_two_region_memory
    startup_stm32f405xx.o(HEAP) refers (Special) to heapauxi.o(.text) for __use_two_region_memory
    startup_stm32f405xx.o(RESET) refers (Special) to heapauxi.o(.text) for __use_two_region_memory
    startup_stm32f405xx.o(RESET) refers to startup_stm32f405xx.o(STACK) for __initial_sp
    startup_stm32f405xx.o(RESET) refers to startup_stm32f405xx.o(.text) for Reset_Handler
    startup_stm32f405xx.o(RESET) refers to stm32f4xx_it.o(i.NMI_Handler) for NMI_Handler
    startup_stm32f405xx.o(RESET) refers to stm32f4xx_it.o(i.HardFault_Handler) for HardFault_Handler
    startup_stm32f405xx.o(RESET) refers to stm32f4xx_it.o(i.MemManage_Handler) for MemManage_Handler
    startup_stm32f405xx.o(RESET) refers to stm32f4xx_it.o(i.BusFault_Handler) for BusFault_Handler
    startup_stm32f405xx.o(RESET) refers to stm32f4xx_it.o(i.UsageFault_Handler) for UsageFault_Handler
    startup_stm32f405xx.o(RESET) refers to port.o(.emb_text) for SVC_Handler
    startup_stm32f405xx.o(RESET) refers to stm32f4xx_it.o(i.DebugMon_Handler) for DebugMon_Handler
    startup_stm32f405xx.o(RESET) refers to cmsis_os2.o(i.SysTick_Handler) for SysTick_Handler
    startup_stm32f405xx.o(RESET) refers to stm32f4xx_it.o(i.DMA1_Stream2_IRQHandler) for DMA1_Stream2_IRQHandler
    startup_stm32f405xx.o(RESET) refers to stm32f4xx_it.o(i.DMA1_Stream3_IRQHandler) for DMA1_Stream3_IRQHandler
    startup_stm32f405xx.o(RESET) refers to stm32f4xx_it.o(i.DMA1_Stream4_IRQHandler) for DMA1_Stream4_IRQHandler
    startup_stm32f405xx.o(RESET) refers to stm32f4xx_it.o(i.EXTI9_5_IRQHandler) for EXTI9_5_IRQHandler
    startup_stm32f405xx.o(RESET) refers to stm32f4xx_it.o(i.TIM1_UP_TIM10_IRQHandler) for TIM1_UP_TIM10_IRQHandler
    startup_stm32f405xx.o(RESET) refers to stm32f4xx_it.o(i.USART3_IRQHandler) for USART3_IRQHandler
    startup_stm32f405xx.o(RESET) refers to stm32f4xx_it.o(i.UART4_IRQHandler) for UART4_IRQHandler
    startup_stm32f405xx.o(RESET) refers to stm32f4xx_it.o(i.UART5_IRQHandler) for UART5_IRQHandler
    startup_stm32f405xx.o(.text) refers (Special) to heapauxi.o(.text) for __use_two_region_memory
    startup_stm32f405xx.o(.text) refers to system_stm32f4xx.o(i.SystemInit) for SystemInit
    startup_stm32f405xx.o(.text) refers to __main.o(!!!main) for __main
    startup_stm32f405xx.o(.text) refers to startup_stm32f405xx.o(HEAP) for Heap_Mem
    startup_stm32f405xx.o(.text) refers to startup_stm32f405xx.o(STACK) for Stack_Mem
    main.o(i.HAL_TIM_PeriodElapsedCallback) refers to stm32f4xx_hal.o(i.HAL_IncTick) for HAL_IncTick
    main.o(i.MX_GPIO_Init) refers to rt_memclr_w.o(.text) for __aeabi_memclr4
    main.o(i.MX_GPIO_Init) refers to stm32f4xx_hal_gpio.o(i.HAL_GPIO_WritePin) for HAL_GPIO_WritePin
    main.o(i.MX_GPIO_Init) refers to stm32f4xx_hal_gpio.o(i.HAL_GPIO_Init) for HAL_GPIO_Init
    main.o(i.MX_GPIO_Init) refers to stm32f4xx_hal_cortex.o(i.HAL_NVIC_SetPriority) for HAL_NVIC_SetPriority
    main.o(i.MX_GPIO_Init) refers to stm32f4xx_hal_cortex.o(i.HAL_NVIC_EnableIRQ) for HAL_NVIC_EnableIRQ
    main.o(i.MX_SPI2_Init) refers to stm32f4xx_hal_spi.o(i.HAL_SPI_Init) for HAL_SPI_Init
    main.o(i.MX_SPI2_Init) refers to main.o(.bss) for .bss
    main.o(i.MX_USB_OTG_FS_PCD_Init) refers to stm32f4xx_hal_pcd.o(i.HAL_PCD_Init) for HAL_PCD_Init
    main.o(i.MX_USB_OTG_FS_PCD_Init) refers to main.o(.bss) for .bss
    main.o(i.StartDefaultTask) refers to cmsis_os2.o(i.osDelay) for osDelay
    main.o(i.SystemClock_Config) refers to rt_memclr_w.o(.text) for __aeabi_memclr4
    main.o(i.SystemClock_Config) refers to stm32f4xx_hal_rcc.o(i.HAL_RCC_OscConfig) for HAL_RCC_OscConfig
    main.o(i.SystemClock_Config) refers to stm32f4xx_hal_rcc.o(i.HAL_RCC_ClockConfig) for HAL_RCC_ClockConfig
    main.o(i.main) refers to stm32f4xx_hal.o(i.HAL_Init) for HAL_Init
    main.o(i.main) refers to main.o(i.SystemClock_Config) for SystemClock_Config
    main.o(i.main) refers to main.o(i.MX_GPIO_Init) for MX_GPIO_Init
    main.o(i.main) refers to stm32f4xx_hal_cortex.o(i.HAL_NVIC_SetPriority) for HAL_NVIC_SetPriority
    main.o(i.main) refers to stm32f4xx_hal_cortex.o(i.HAL_NVIC_EnableIRQ) for HAL_NVIC_EnableIRQ
    main.o(i.main) refers to main.o(i.MX_SPI2_Init) for MX_SPI2_Init
    main.o(i.main) refers to stm32f4xx_hal_uart.o(i.HAL_UART_Init) for HAL_UART_Init
    main.o(i.main) refers to main.o(i.MX_USB_OTG_FS_PCD_Init) for MX_USB_OTG_FS_PCD_Init
    main.o(i.main) refers to cmsis_os2.o(i.osKernelInitialize) for osKernelInitialize
    main.o(i.main) refers to adc_task.o(i.adc_task_init) for adc_task_init
    main.o(i.main) refers to cmsis_os2.o(i.osKernelStart) for osKernelStart
    main.o(i.main) refers to main.o(.bss) for .bss
[...]
    xTimerQueue                              0x2000004c   Data           4  timers.o(.data)
    xTimerTaskHandle                         0x20000050   Data           4  timers.o(.data)
    xLastTime                                0x20000054   Data           4  timers.o(.data)
    pxCurrentTimerList                       0x20000058   Data           4  timers.o(.data)
    pxOverflowTimerList                      0x2000005c   Data           4  timers.o(.data)
    .data                                    0x20000060   Section        4  cmsis_os2.o(.data)
    KernelState                              0x20000060   Data           4  cmsis_os2.o(.data)
    .data                                    0x20000064   Section       32  heap_4.o(.data)
    pxEnd                                    0x20000064   Data           4  heap_4.o(.data)
    xFreeBytesRemaining                      0x20000068   Data           4  heap_4.o(.data)
    xMinimumEverFreeBytesRemaining           0x2000006c   Data           4  heap_4.o(.data)
    xNumberOfSuccessfulAllocations           0x20000070   Data           4  heap_4.o(.data)
    xNumberOfSuccessfulFrees                 0x20000074   Data           4  heap_4.o(.data)
    xBlockAllocatedBit                       0x20000078   Data           4  heap_4.o(.data)
    xStart                                   0x2000007c   Data           8  heap_4.o(.data)
    .data                                    0x20000084   Section       12  port.o(.data)
    ucMaxSysCallPriority                     0x20000084   Data           1  port.o(.data)
    uxCriticalNesting                        0x20000088   Data           4  port.o(.data)
    ulMaxPRIGROUPValue                       0x2000008c   Data           4  port.o(.data)
    .data                                    0x20000090   Section        4  adc_buffer.o(.data)
    s_head                                   0x20000090   Data           2  adc_buffer.o(.data)
    s_tail                                   0x20000092   Data           2  adc_buffer.o(.data)
    .data                                    0x20000094   Section      140  adc_driver.o(.data)
    s_running                                0x20000094   Data           1  adc_driver.o(.data)
    s_dma_busy                               0x20000095   Data           1  adc_driver.o(.data)
    s_hspi                                   0x20000098   Data           4  adc_driver.o(.data)
    s_sequence                               0x2000009c   Data           4  adc_driver.o(.data)
    s_discard_remaining                      0x200000a0   Data           4  adc_driver.o(.data)
    s_drdy_count                             0x200000a4   Data           4  adc_driver.o(.data)
    s_dma_start_count                        0x200000a8   Data           4  adc_driver.o(.data)
    s_dma_complete_count                     0x200000ac   Data           4  adc_driver.o(.data)
    s_frames_pushed                          0x200000b0   Data           4  adc_driver.o(.data)
    s_frames_popped                          0x200000b4   Data           4  adc_driver.o(.data)
    s_ring_overflow_count                    0x200000b8   Data           4  adc_driver.o(.data)
    s_spi_busy_count                         0x200000bc   Data           4  adc_driver.o(.data)
    s_spi_error_count                        0x200000c0   Data           4  adc_driver.o(.data)
    s_missed_drdy_count                      0x200000c4   Data           4  adc_driver.o(.data)
    s_discarded_frames                       0x200000c8   Data           4  adc_driver.o(.data)
    s_last_hal_status                        0x200000cc   Data           4  adc_driver.o(.data)
    s_last_spi_state                         0x200000d0   Data           4  adc_driver.o(.data)
    s_last_spi_error                         0x200000d4   Data           4  adc_driver.o(.data)
    s_last_dma_error                         0x200000d8   Data           4  adc_driver.o(.data)
    s_last_dma_ndtr                          0x200000dc   Data           4  adc_driver.o(.data)
    .data                                    0x20000120   Section       16  adc_unpack.o(.data)
    s_latest_valid                           0x20000120   Data           1  adc_unpack.o(.data)
    s_unpack_thread                          0x20000124   Data           4  adc_unpack.o(.data)
    s_frame_sem                              0x20000128   Data           4  adc_unpack.o(.data)
    s_unpack_count                           0x2000012c   Data           4  adc_unpack.o(.data)
    .data                                    0x20000130   Section       16  adc_task.o(.data)
    s_adc_task_thread                        0x2000013c   Data           4  adc_task.o(.data)
    .bss                                     0x20000140   Section     1584  main.o(.bss)
    .bss                                     0x20000770   Section       96  main.o(.bss)
    .bss                                     0x200007d0   Section       96  main.o(.bss)
    .bss                                     0x20000830   Section       96  main.o(.bss)
    .bss                                     0x20000890   Section       72  stm32f4xx_hal_timebase_tim.o(.bss)
    .bss                                     0x200008d8   Section       64  queue.o(.bss)
    .bss                                     0x20000918   Section     1220  tasks.o(.bss)
    pxReadyTasksLists                        0x20000918   Data        1120  tasks.o(.bss)
    xDelayedTaskList1                        0x20000d78   Data          20  tasks.o(.bss)
    xDelayedTaskList2                        0x20000d8c   Data          20  tasks.o(.bss)
    xPendingReadyList                        0x20000da0   Data          20  tasks.o(.bss)
    xTasksWaitingTermination                 0x20000db4   Data          20  tasks.o(.bss)
    xSuspendedTaskList                       0x20000dc8   Data          20  tasks.o(.bss)
    .bss                                     0x20000ddc   Section      280  timers.o(.bss)
    xStaticTimerQueue                        0x20000ddc   Data          80  timers.o(.bss)
    ucStaticTimerQueueStorage                0x20000e2c   Data         160  timers.o(.bss)
    xActiveTimerList1                        0x20000ecc   Data          20  timers.o(.bss)
    xActiveTimerList2                        0x20000ee0   Data          20  timers.o(.bss)
    .bss                                     0x20000ef4   Section     1720  cmsis_os2.o(.bss)
    Idle_TCB                                 0x20000ef4   Data          92  cmsis_os2.o(.bss)
    Idle_Stack                               0x20000f50   Data         512  cmsis_os2.o(.bss)
    Timer_TCB                                0x20001150   Data          92  cmsis_os2.o(.bss)
    Timer_Stack                              0x200011ac   Data        1024  cmsis_os2.o(.bss)
    .bss                                     0x200015ac   Section    15360  heap_4.o(.bss)
    ucHeap                                   0x200015ac   Data       15360  heap_4.o(.bss)
    .bss                                     0x200051ac   Section     1024  adc_buffer.o(.bss)
    s_ring                                   0x200051ac   Data        1024  adc_buffer.o(.bss)
    .bss                                     0x200055ac   Section       24  adc_driver.o(.bss)
    s_dma_frame                              0x200055ac   Data          24  adc_driver.o(.bss)
    .bss                                     0x200055c4   Section      172  adc_unpack.o(.bss)
    s_latest_frame                           0x200055c4   Data         172  adc_unpack.o(.bss)
    .bss                                     0x20005670   Section      396  adc_task.o(.bss)
    .bss                                     0x200057fc   Section       96  libspace.o(.bss)
    HEAP                                     0x20005860   Section      512  startup_stm32f405xx.o(HEAP)
    Heap_Mem                                 0x20005860   Data         512  startup_stm32f405xx.o(HEAP)
    STACK                                    0x20005a60   Section     1024  startup_stm32f405xx.o(STACK)
    Stack_Mem                                0x20005a60   Data        1024  startup_stm32f405xx.o(STACK)
    __initial_sp                             0x20005e60   Data           0  startup_stm32f405xx.o(STACK)

    Global Symbols

    Symbol Name                              Value     Ov Type        Size  Object(Section)

    BuildAttributes$$THM_ISAv4$E$P$D$K$B$S$7EM$VFPi3$EXTD16$VFPS$VFMA$PE$A:L22UL41UL21$X:L11$S22US41US21$IEEE1$IW$USESV6$~STKCKD$USESV7$~SHL$OTIME$ROPI$IEEEX$EBA8$UX$STANDARDLIB$REQ8$PRES8$EABIv2 0x00000000   Number         0  anon$$obj.o ABSOLUTE
    __ARM_use_no_argv                        0x00000000   Number         0  main.o ABSOLUTE
    __ARM_exceptions_init                     - Undefined Weak Reference
    __alloca_initialize                       - Undefined Weak Reference
    __arm_fini_                               - Undefined Weak Reference
    __arm_preinit_                            - Undefined Weak Reference
    __cpp_initialize__aeabi_                  - Undefined Weak Reference
    __cxa_finalize                            - Undefined Weak Reference
    __rt_locale                               - Undefined Weak Reference
    __sigvec_lookup                           - Undefined Weak Reference
    _atexit_init                              - Undefined Weak Reference
    _call_atexit_fns                          - Undefined Weak Reference
    _clock_init                               - Undefined Weak Reference
    _fp_trap_init                             - Undefined Weak Reference
    _fp_trap_shutdown                         - Undefined Weak Reference
    _get_lc_collate                           - Undefined Weak Reference
    _get_lc_ctype                             - Undefined Weak Reference
    _get_lc_monetary                          - Undefined Weak Reference
    _get_lc_numeric                           - Undefined Weak Reference
    _get_lc_time                              - Undefined Weak Reference
    _getenv_init                              - Undefined Weak Reference
    _handle_redirection                       - Undefined Weak Reference
    _init_alloc                               - Undefined Weak Reference
    _init_user_alloc                          - Undefined Weak Reference
    _initio                                   - Undefined Weak Reference
    _rand_init                                - Undefined Weak Reference
    _signal_finish                            - Undefined Weak Reference
    _signal_init                              - Undefined Weak Reference
    _terminate_alloc                          - Undefined Weak Reference
    _terminate_user_alloc                     - Undefined Weak Reference
    _terminateio                              - Undefined Weak Reference
    __Vectors_Size                           0x00000188   Number         0  startup_stm32f405xx.o ABSOLUTE
    __Vectors                                0x08000000   Data           4  startup_stm32f405xx.o(RESET)
    __Vectors_End                            0x08000188   Data           0  startup_stm32f405xx.o(RESET)
    __main                                   0x08000189   Thumb Code     8  __main.o(!!!main)
    __scatterload                            0x08000191   Thumb Code     0  __scatter.o(!!!scatter)
    __scatterload_rt2                        0x08000191   Thumb Code    44  __scatter.o(!!!scatter)
    __scatterload_rt2_thumb_only             0x08000191   Thumb Code     0  __scatter.o(!!!scatter)
    __scatterload_null                       0x0800019f   Thumb Code     0  __scatter.o(!!!scatter)
    __decompress                             0x080001c5   Thumb Code    58  __dczerorl.o(!!dczerorl)
    __decompress0                            0x080001c5   Thumb Code     0  __dczerorl.o(!!dczerorl)
    __scatterload_zeroinit                   0x08000201   Thumb Code    28  __scatter_zi.o(!!handler_zi)
    __rt_lib_init                            0x0800021d   Thumb Code     0  libinit.o(.ARM.Collect$$libinit$$00000000)
    __rt_lib_init_fp_1                       0x0800021f   Thumb Code     0  libinit2.o(.ARM.Collect$$libinit$$00000001)
    __rt_lib_init_alloca_1                   0x08000223   Thumb Code     0  libinit2.o(.ARM.Collect$$libinit$$0000002E)
    __rt_lib_init_argv_1                     0x08000223   Thumb Code     0  libinit2.o(.ARM.Collect$$libinit$$0000002C)
    __rt_lib_init_atexit_1                   0x08000223   Thumb Code     0  libinit2.o(.ARM.Collect$$libinit$$0000001B)
    __rt_lib_init_clock_1                    0x08000223   Thumb Code     0  libinit2.o(.ARM.Collect$$libinit$$00000021)
    __rt_lib_init_cpp_1                      0x08000223   Thumb Code     0  libinit2.o(.ARM.Collect$$libinit$$00000032)
    __rt_lib_init_exceptions_1               0x08000223   Thumb Code     0  libinit2.o(.ARM.Collect$$libinit$$00000030)
    __rt_lib_init_fp_trap_1                  0x08000223   Thumb Code     0  libinit2.o(.ARM.Collect$$libinit$$0000001F)
    __rt_lib_init_getenv_1                   0x08000223   Thumb Code     0  libinit2.o(.ARM.Collect$$libinit$$00000023)
    __rt_lib_init_heap_1                     0x08000223   Thumb Code     0  libinit2.o(.ARM.Collect$$libinit$$0000000A)
    __rt_lib_init_lc_collate_1               0x08000223   Thumb Code     0  libinit2.o(.ARM.Collect$$libinit$$00000011)
    __rt_lib_init_lc_ctype_1                 0x08000223   Thumb Code     0  libinit2.o(.ARM.Collect$$libinit$$00000013)
    __rt_lib_init_lc_monetary_1              0x08000223   Thumb Code     0  libinit2.o(.ARM.Collect$$libinit$$00000015)
    __rt_lib_init_lc_numeric_1               0x08000223   Thumb Code     0  libinit2.o(.ARM.Collect$$libinit$$00000017)
    __rt_lib_init_lc_time_1                  0x08000223   Thumb Code     0  libinit2.o(.ARM.Collect$$libinit$$00000019)
    __rt_lib_init_preinit_1                  0x08000223   Thumb Code     0  libinit2.o(.ARM.Collect$$libinit$$00000004)
    __rt_lib_init_rand_1                     0x08000223   Thumb Code     0  libinit2.o(.ARM.Collect$$libinit$$0000000E)
    __rt_lib_init_return                     0x08000223   Thumb Code     0  libinit2.o(.ARM.Collect$$libinit$$00000033)
    __rt_lib_init_signal_1                   0x08000223   Thumb Code     0  libinit2.o(.ARM.Collect$$libinit$$0000001D)
    __rt_lib_init_stdio_1                    0x08000223   Thumb Code     0  libinit2.o(.ARM.Collect$$libinit$$00000025)
    __rt_lib_init_user_alloc_1               0x08000223   Thumb Code     0  libinit2.o(.ARM.Collect$$libinit$$0000000C)
    __rt_lib_shutdown                        0x08000225   Thumb Code     0  libshutdown.o(.ARM.Collect$$libshutdown$$00000000)
    __rt_lib_shutdown_cpp_1                  0x08000227   Thumb Code     0  libshutdown2.o(.ARM.Collect$$libshutdown$$00000004)
    __rt_lib_shutdown_fini_1                 0x08000227   Thumb Code     0  libshutdown2.o(.ARM.Collect$$libshutdown$$00000002)
    __rt_lib_shutdown_fp_trap_1              0x08000227   Thumb Code     0  libshutdown2.o(.ARM.Collect$$libshutdown$$00000009)
    __rt_lib_shutdown_heap_1                 0x08000227   Thumb Code     0  libshutdown2.o(.ARM.Collect$$libshutdown$$00000011)
    __rt_lib_shutdown_return                 0x08000227   Thumb Code     0  libshutdown2.o(.ARM.Collect$$libshutdown$$00000012)
    __rt_lib_shutdown_signal_1               0x08000227   Thumb Code     0  libshutdown2.o(.ARM.Collect$$libshutdown$$0000000C)
    __rt_lib_shutdown_stdio_1                0x08000227   Thumb Code     0  libshutdown2.o(.ARM.Collect$$libshutdown$$00000006)
    __rt_lib_shutdown_user_alloc_1           0x08000227   Thumb Code     0  libshutdown2.o(.ARM.Collect$$libshutdown$$0000000E)
    __rt_entry                               0x08000229   Thumb Code     0  __rtentry.o(.ARM.Collect$$rtentry$$00000000)
    __rt_entry_presh_1                       0x08000229   Thumb Code     0  __rtentry2.o(.ARM.Collect$$rtentry$$00000002)
    __rt_entry_sh                            0x08000229   Thumb Code     0  __rtentry4.o(.ARM.Collect$$rtentry$$00000004)
    __rt_entry_li                            0x0800022f   Thumb Code     0  __rtentry2.o(.ARM.Collect$$rtentry$$0000000A)
    __rt_entry_postsh_1                      0x0800022f   Thumb Code     0  __rtentry2.o(.ARM.Collect$$rtentry$$00000009)
    __rt_entry_main                          0x08000233   Thumb Code     0  __rtentry2.o(.ARM.Collect$$rtentry$$0000000D)
    __rt_entry_postli_1                      0x08000233   Thumb Code     0  __rtentry2.o(.ARM.Collect$$rtentry$$0000000C)
    __rt_exit                                0x0800023b   Thumb Code     0  rtexit.o(.ARM.Collect$$rtexit$$00000000)
    __rt_exit_ls                             0x0800023d   Thumb Code     0  rtexit2.o(.ARM.Collect$$rtexit$$00000003)
    __rt_exit_prels_1                        0x0800023d   Thumb Code     0  rtexit2.o(.ARM.Collect$$rtexit$$00000002)
    __rt_exit_exit                           0x08000241   Thumb Code     0  rtexit2.o(.ARM.Collect$$rtexit$$00000004)
    SVC_Handler                              0x08000249   Thumb Code    28  port.o(.emb_text)
    __asm___6_port_c_39a90d8d__prvStartFirstTask 0x08000269   Thumb Code    36  port.o(.emb_text)
    __asm___6_port_c_39a90d8d__prvEnableVFP  0x08000291   Thumb Code    16  port.o(.emb_text)
    PendSV_Handler                           0x080002a5   Thumb Code    88  port.o(.emb_text)
    vPortGetIPSR                             0x08000301   Thumb Code     6  port.o(.emb_text)
    Reset_Handler                            0x08000309   Thumb Code     8  startup_stm32f405xx.o(.text)
    ADC_IRQHandler                           0x08000323   Thumb Code     0  startup_stm32f405xx.o(.text)
    CAN1_RX0_IRQHandler                      0x08000323   Thumb Code     0  startup_stm32f405xx.o(.text)
    CAN1_RX1_IRQHandler                      0x08000323   Thumb Code     0  startup_stm32f405xx.o(.text)
    CAN1_SCE_IRQHandler                      0x08000323   Thumb Code     0  startup_stm32f405xx.o(.text)
    CAN1_TX_IRQHandler                       0x08000323   Thumb Code     0  startup_stm32f405xx.o(.text)
    CAN2_RX0_IRQHandler                      0x08000323   Thumb Code     0  startup_stm32f405xx.o(.text)
    CAN2_RX1_IRQHandler                      0x08000323   Thumb Code     0  startup_stm32f405xx.o(.text)
    CAN2_SCE_IRQHandler                      0x08000323   Thumb Code     0  startup_stm32f405xx.o(.text)
    CAN2_TX_IRQHandler                       0x08000323   Thumb Code     0  startup_stm32f405xx.o(.text)
    DMA1_Stream0_IRQHandler                  0x08000323   Thumb Code     0  startup_stm32f405xx.o(.text)
    DMA1_Stream1_IRQHandler                  0x08000323   Thumb Code     0  startup_stm32f405xx.o(.text)
    DMA1_Stream5_IRQHandler                  0x08000323   Thumb Code     0  startup_stm32f405xx.o(.text)
    DMA1_Stream6_IRQHandler                  0x08000323   Thumb Code     0  startup_stm32f405xx.o(.text)
    DMA1_Stream7_IRQHandler                  0x08000323   Thumb Code     0  startup_stm32f405xx.o(.text)
    DMA2_Stream0_IRQHandler                  0x08000323   Thumb Code     0  startup_stm32f405xx.o(.text)
    DMA2_Stream1_IRQHandler                  0x08000323   Thumb Code     0  startup_stm32f405xx.o(.text)
    DMA2_Stream2_IRQHandler                  0x08000323   Thumb Code     0  startup_stm32f405xx.o(.text)
    DMA2_Stream3_IRQHandler                  0x08000323   Thumb Code     0  startup_stm32f405xx.o(.text)
    DMA2_Stream4_IRQHandler                  0x08000323   Thumb Code     0  startup_stm32f405xx.o(.text)
    DMA2_Stream5_IRQHandler                  0x08000323   Thumb Code     0  startup_stm32f405xx.o(.text)
    DMA2_Stream6_IRQHandler                  0x08000323   Thumb Code     0  startup_stm32f405xx.o(.text)
    DMA2_Stream7_IRQHandler                  0x08000323   Thumb Code     0  startup_stm32f405xx.o(.text)
    EXTI0_IRQHandler                         0x08000323   Thumb Code     0  startup_stm32f405xx.o(.text)
    EXTI15_10_IRQHandler                     0x08000323   Thumb Code     0  startup_stm32f405xx.o(.text)
    EXTI1_IRQHandler                         0x08000323   Thumb Code     0  startup_stm32f405xx.o(.text)
    EXTI2_IRQHandler                         0x08000323   Thumb Code     0  startup_stm32f405xx.o(.text)
    EXTI3_IRQHandler                         0x08000323   Thumb Code     0  startup_stm32f405xx.o(.text)
    EXTI4_IRQHandler                         0x08000323   Thumb Code     0  startup_stm32f405xx.o(.text)
    FLASH_IRQHandler                         0x08000323   Thumb Code     0  startup_stm32f405xx.o(.text)
    FMC_IRQHandler                           0x08000323   Thumb Code     0  startup_stm32f405xx.o(.text)
    FPU_IRQHandler                           0x08000323   Thumb Code     0  startup_stm32f405xx.o(.text)
    HASH_RNG_IRQHandler                      0x08000323   Thumb Code     0  startup_stm32f405xx.o(.text)
    I2C1_ER_IRQHandler                       0x08000323   Thumb Code     0  startup_stm32f405xx.o(.text)
    I2C1_EV_IRQHandler                       0x08000323   Thumb Code     0  startup_stm32f405xx.o(.text)
    I2C2_ER_IRQHandler                       0x08000323   Thumb Code     0  startup_stm32f405xx.o(.text)
    I2C2_EV_IRQHandler                       0x08000323   Thumb Code     0  startup_stm32f405xx.o(.text)
    I2C3_ER_IRQHandler                       0x08000323   Thumb Code     0  startup_stm32f405xx.o(.text)
    I2C3_EV_IRQHandler                       0x08000323   Thumb Code     0  startup_stm32f405xx.o(.text)
    OTG_FS_IRQHandler                        0x08000323   Thumb Code     0  startup_stm32f405xx.o(.text)
    OTG_FS_WKUP_IRQHandler                   0x08000323   Thumb Code     0  startup_stm32f405xx.o(.text)
    OTG_HS_EP1_IN_IRQHandler                 0x08000323   Thumb Code     0  startup_stm32f405xx.o(.text)
    OTG_HS_EP1_OUT_IRQHandler                0x08000323   Thumb Code     0  startup_stm32f405xx.o(.text)
    OTG_HS_IRQHandler                        0x08000323   Thumb Code     0  startup_stm32f405xx.o(.text)
    OTG_HS_WKUP_IRQHandler                   0x08000323   Thumb Code     0  startup_stm32f405xx.o(.text)
    PVD_IRQHandler                           0x08000323   Thumb Code     0  startup_stm32f405xx.o(.text)
    RCC_IRQHandler                           0x08000323   Thumb Code     0  startup_stm32f405xx.o(.text)
    RTC_Alarm_IRQHandler                     0x08000323   Thumb Code     0  startup_stm32f405xx.o(.text)
    RTC_WKUP_IRQHandler                      0x08000323   Thumb Code     0  startup_stm32f405xx.o(.text)
    SDIO_IRQHandler                          0x08000323   Thumb Code     0  startup_stm32f405xx.o(.text)
    SPI1_IRQHandler                          0x08000323   Thumb Code     0  startup_stm32f405xx.o(.text)
    SPI2_IRQHandler                          0x08000323   Thumb Code     0  startup_stm32f405xx.o(.text)
    SPI3_IRQHandler                          0x08000323   Thumb Code     0  startup_stm32f405xx.o(.text)
    TAMP_STAMP_IRQHandler                    0x08000323   Thumb Code     0  startup_stm32f405xx.o(.text)
    TIM1_BRK_TIM9_IRQHandler                 0x08000323   Thumb Code     0  startup_stm32f405xx.o(.text)
    TIM1_CC_IRQHandler                       0x08000323   Thumb Code     0  startup_stm32f405xx.o(.text)
    TIM1_TRG_COM_TIM11_IRQHandler            0x08000323   Thumb Code     0  startup_stm32f405xx.o(.text)
    TIM2_IRQHandler                          0x08000323   Thumb Code     0  startup_stm32f405xx.o(.text)
    TIM3_IRQHandler                          0x08000323   Thumb Code     0  startup_stm32f405xx.o(.text)
    TIM4_IRQHandler                          0x08000323   Thumb Code     0  startup_stm32f405xx.o(.text)
    TIM5_IRQHandler                          0x08000323   Thumb Code     0  startup_stm32f405xx.o(.text)
    TIM6_DAC_IRQHandler                      0x08000323   Thumb Code     0  startup_stm32f405xx.o(.text)
    TIM7_IRQHandler                          0x08000323   Thumb Code     0  startup_stm32f405xx.o(.text)
    TIM8_BRK_TIM12_IRQHandler                0x08000323   Thumb Code     0  startup_stm32f405xx.o(.text)
    TIM8_CC_IRQHandler                       0x08000323   Thumb Code     0  startup_stm32f405xx.o(.text)
    TIM8_TRG_COM_TIM14_IRQHandler            0x08000323   Thumb Code     0  startup_stm32f405xx.o(.text)
    TIM8_UP_TIM13_IRQHandler                 0x08000323   Thumb Code     0  startup_stm32f405xx.o(.text)
    USART1_IRQHandler                        0x08000323   Thumb Code     0  startup_stm32f405xx.o(.text)
    USART2_IRQHandler                        0x08000323   Thumb Code     0  startup_stm32f405xx.o(.text)
    USART6_IRQHandler                        0x08000323   Thumb Code     0  startup_stm32f405xx.o(.text)
    WWDG_IRQHandler                          0x08000323   Thumb Code     0  startup_stm32f405xx.o(.text)
    __user_initial_stackheap                 0x08000325   Thumb Code     0  startup_stm32f405xx.o(.text)
    __aeabi_uldivmod                         0x08000349   Thumb Code     0  lludivv7m.o(.text)
    _ll_udiv                                 0x08000349   Thumb Code   238  lludivv7m.o(.text)
    __aeabi_memcpy                           0x08000437   Thumb Code     0  rt_memcpy_v6.o(.text)
    __rt_memcpy                              0x08000437   Thumb Code   138  rt_memcpy_v6.o(.text)
    _memcpy_lastbytes                        0x0800049d   Thumb Code     0  rt_memcpy_v6.o(.text)
    __aeabi_memcpy4                          0x080004c1   Thumb Code     0  rt_memcpy_w.o(.text)
    __aeabi_memcpy8                          0x080004c1   Thumb Code     0  rt_memcpy_w.o(.text)
    __rt_memcpy_w                            0x080004c1   Thumb Code   100  rt_memcpy_w.o(.text)
    _memcpy_lastbytes_aligned                0x08000509   Thumb Code     0  rt_memcpy_w.o(.text)
    __aeabi_memset                           0x08000525   Thumb Code    16  aeabi_memset.o(.text)
    __aeabi_memclr                           0x08000535   Thumb Code     0  rt_memclr.o(.text)
    __rt_memclr                              0x08000535   Thumb Code    68  rt_memclr.o(.text)
    _memset                                  0x08000539   Thumb Code     0  rt_memclr.o(.text)
    __aeabi_memclr4                          0x08000579   Thumb Code     0  rt_memclr_w.o(.text)
    __aeabi_memclr8                          0x08000579   Thumb Code     0  rt_memclr_w.o(.text)
    __rt_memclr_w                            0x08000579   Thumb Code    78  rt_memclr_w.o(.text)
    _memset_w                                0x0800057d   Thumb Code     0  rt_memclr_w.o(.text)
    __use_two_region_memory                  0x080005c7   Thumb Code     2  heapauxi.o(.text)
    __rt_heap_escrow$2region                 0x080005c9   Thumb Code     2  heapauxi.o(.text)
    __rt_heap_expand$2region                 0x080005cb   Thumb Code     2  heapauxi.o(.text)
    __read_errno                             0x080005cd   Thumb Code    10  _rserrno.o(.text)
    __set_errno                              0x080005d7   Thumb Code    12  _rserrno.o(.text)
    __aeabi_errno_addr                       0x080005e5   Thumb Code     8  rt_errno_addr_intlibspace.o(.text)
    __errno$intlibspace                      0x080005e5   Thumb Code     0  rt_errno_addr_intlibspace.o(.text)
    __rt_errno_addr$intlibspace              0x080005e5   Thumb Code     0  rt_errno_addr_intlibspace.o(.text)
    __user_libspace                          0x080005ed   Thumb Code     8  libspace.o(.text)
    __user_perproc_libspace                  0x080005ed   Thumb Code     0  libspace.o(.text)
    __user_perthread_libspace                0x080005ed   Thumb Code     0  libspace.o(.text)
    __user_setup_stackheap                   0x080005f5   Thumb Code    74  sys_stackheap_outer.o(.text)
    exit                                     0x0800063f   Thumb Code    18  exit.o(.text)
    _sys_exit                                0x08000651   Thumb Code     8  sys_exit.o(.text)
    __I$use$semihosting                      0x0800065d   Thumb Code     0  use_no_semi.o(.text)
    __use_no_semihosting_swi                 0x0800065d   Thumb Code     2  use_no_semi.o(.text)
    __semihosting_library_function           0x0800065f   Thumb Code     0  indicate_semi.o(.text)
    ADC_Buffer_Pop                           0x08000661   Thumb Code    64  adc_buffer.o(i.ADC_Buffer_Pop)
    ADC_Buffer_PushFromISR                   0x080006a9   Thumb Code    80  adc_buffer.o(i.ADC_Buffer_PushFromISR)
    ADC_Buffer_Reset                         0x08000701   Thumb Code    22  adc_buffer.o(i.ADC_Buffer_Reset)
    ADC_Driver_EXTI_Callback                 0x0800071d   Thumb Code   168  adc_driver.o(i.ADC_Driver_EXTI_Callback)
    ADC_Driver_EnableChannels                0x080007cd   Thumb Code    50  adc_driver.o(i.ADC_Driver_EnableChannels)
    ADC_Driver_FrameReadyCallbackFromISR     0x08000805   Thumb Code    14  adc_unpack.o(i.ADC_Driver_FrameReadyCallbackFromISR)
    ADC_Driver_GetStats                      0x08000819   Thumb Code    92  adc_driver.o(i.ADC_Driver_GetStats)
    ADC_Driver_Init                          0x08000879   Thumb Code   132  adc_driver.o(i.ADC_Driver_Init)
    ADC_Driver_PopRawFrame                   0x0800090d   Thumb Code    24  adc_driver.o(i.ADC_Driver_PopRawFrame)
    ADC_Driver_Start                         0x08000929   Thumb Code    46  adc_driver.o(i.ADC_Driver_Start)
    ADC_Driver_Sync                          0x0800095d   Thumb Code    46  adc_driver.o(i.ADC_Driver_Sync)
    ADC_Unpack_GetLatestFrame                0x08000995   Thumb Code    44  adc_unpack.o(i.ADC_Unpack_GetLatestFrame)
    ADC_Unpack_Init                          0x080009c9   Thumb Code    48  adc_unpack.o(i.ADC_Unpack_Init)
    BusFault_Handler                         0x08000a05   Thumb Code     2  stm32f4xx_it.o(i.BusFault_Handler)
    DMA1_Stream2_IRQHandler                  0x08000a09   Thumb Code     6  stm32f4xx_it.o(i.DMA1_Stream2_IRQHandler)
    DMA1_Stream3_IRQHandler                  0x08000a15   Thumb Code     6  stm32f4xx_it.o(i.DMA1_Stream3_IRQHandler)
    DMA1_Stream4_IRQHandler                  0x08000a21   Thumb Code     6  stm32f4xx_it.o(i.DMA1_Stream4_IRQHandler)
    DebugMon_Handler                         0x08000ad1   Thumb Code     2  stm32f4xx_it.o(i.DebugMon_Handler)
    EXTI9_5_IRQHandler                       0x08000ad3   Thumb Code     6  stm32f4xx_it.o(i.EXTI9_5_IRQHandler)
    Error_Handler                            0x08000ad9   Thumb Code     4  main.o(i.Error_Handler)
    HAL_DMA_Abort                            0x08000add   Thumb Code   146  stm32f4xx_hal_dma.o(i.HAL_DMA_Abort)
    HAL_DMA_Abort_IT                         0x08000b6f   Thumb Code    36  stm32f4xx_hal_dma.o(i.HAL_DMA_Abort_IT)
    HAL_DMA_IRQHandler                       0x08000b95   Thumb Code   412  stm32f4xx_hal_dma.o(i.HAL_DMA_IRQHandler)
    HAL_DMA_Init                             0x08000d35   Thumb Code   206  stm32f4xx_hal_dma.o(i.HAL_DMA_Init)
    HAL_DMA_Start_IT                         0x08000e09   Thumb Code   110  stm32f4xx_hal_dma.o(i.HAL_DMA_Start_IT)
    HAL_Delay                                0x08000e79   Thumb Code    32  stm32f4xx_hal.o(i.HAL_Delay)
    HAL_GPIO_EXTI_Callback                   0x08000e9d   Thumb Code     4  adc_driver.o(i.HAL_GPIO_EXTI_Callback)
    HAL_GPIO_EXTI_IRQHandler                 0x08000ea1   Thumb Code    18  stm32f4xx_hal_gpio.o(i.HAL_GPIO_EXTI_IRQHandler)
    HAL_GPIO_Init                            0x08000eb9   Thumb Code   450  stm32f4xx_hal_gpio.o(i.HAL_GPIO_Init)
    HAL_GPIO_WritePin                        0x080010a9   Thumb Code    10  stm32f4xx_hal_gpio.o(i.HAL_GPIO_WritePin)
    HAL_GetTick                              0x080010b5   Thumb Code     6  stm32f4xx_hal.o(i.HAL_GetTick)
    HAL_IncTick                              0x080010c1   Thumb Code    12  stm32f4xx_hal.o(i.HAL_IncTick)
    HAL_Init                                 0x080010d1   Thumb Code    48  stm32f4xx_hal.o(i.HAL_Init)
    HAL_InitTick                             0x08001105   Thumb Code   120  stm32f4xx_hal_timebase_tim.o(i.HAL_InitTick)
    HAL_MspInit                              0x08001191   Thumb Code    52  stm32f4xx_hal_msp.o(i.HAL_MspInit)
    HAL_NVIC_EnableIRQ                       0x080011c9   Thumb Code    26  stm32f4xx_hal_cortex.o(i.HAL_NVIC_EnableIRQ)
    HAL_NVIC_SetPriority                     0x080011e5   Thumb Code    60  stm32f4xx_hal_cortex.o(i.HAL_NVIC_SetPriority)
    HAL_NVIC_SetPriorityGrouping             0x08001225   Thumb Code    26  stm32f4xx_hal_cortex.o(i.HAL_NVIC_SetPriorityGrouping)
    HAL_PCD_Init                             0x08001249   Thumb Code   226  stm32f4xx_hal_pcd.o(i.HAL_PCD_Init)
    HAL_PCD_MspInit                          0x0800132d   Thumb Code   106  stm32f4xx_hal_msp.o(i.HAL_PCD_MspInit)
    HAL_RCC_ClockConfig                      0x080013a1   Thumb Code   288  stm32f4xx_hal_rcc.o(i.HAL_RCC_ClockConfig)
    HAL_RCC_GetClockConfig                   0x080014d5   Thumb Code    54  stm32f4xx_hal_rcc.o(i.HAL_RCC_GetClockConfig)
    HAL_RCC_GetPCLK1Freq                     0x08001515   Thumb Code    20  stm32f4xx_hal_rcc.o(i.HAL_RCC_GetPCLK1Freq)
    HAL_RCC_GetPCLK2Freq                     0x08001535   Thumb Code    20  stm32f4xx_hal_rcc.o(i.HAL_RCC_GetPCLK2Freq)
    HAL_RCC_GetSysClockFreq                  0x08001555   Thumb Code    88  stm32f4xx_hal_rcc.o(i.HAL_RCC_GetSysClockFreq)
    HAL_RCC_OscConfig                        0x080015b9   Thumb Code   856  stm32f4xx_hal_rcc.o(i.HAL_RCC_OscConfig)
    HAL_SPI_ErrorCallback                    0x08001925   Thumb Code    92  adc_driver.o(i.HAL_SPI_ErrorCallback)
    HAL_SPI_Init                             0x08001985   Thumb Code   188  stm32f4xx_hal_spi.o(i.HAL_SPI_Init)
    HAL_SPI_MspInit                          0x08001a41   Thumb Code   136  stm32f4xx_hal_msp.o(i.HAL_SPI_MspInit)
    HAL_SPI_Receive_DMA                      0x08001add   Thumb Code   230  stm32f4xx_hal_spi.o(i.HAL_SPI_Receive_DMA)
    HAL_SPI_RxCpltCallback                   0x08001bd1   Thumb Code   164  adc_driver.o(i.HAL_SPI_RxCpltCallback)
    HAL_SPI_RxHalfCpltCallback               0x08001c7d   Thumb Code     2  stm32f4xx_hal_spi.o(i.HAL_SPI_RxHalfCpltCallback)
    HAL_SPI_TransmitReceive_DMA              0x08001c81   Thumb Code   270  stm32f4xx_hal_spi.o(i.HAL_SPI_TransmitReceive_DMA)
    HAL_SPI_TxRxCpltCallback                 0x08001da5   Thumb Code     2  stm32f4xx_hal_spi.o(i.HAL_SPI_TxRxCpltCallback)
    HAL_SPI_TxRxHalfCpltCallback             0x08001da7   Thumb Code     2  stm32f4xx_hal_spi.o(i.HAL_SPI_TxRxHalfCpltCallback)
    HAL_TIMEx_BreakCallback                  0x08001da9   Thumb Code     2  stm32f4xx_hal_tim_ex.o(i.HAL_TIMEx_BreakCallback)
    HAL_TIMEx_CommutCallback                 0x08001dab   Thumb Code     2  stm32f4xx_hal_tim_ex.o(i.HAL_TIMEx_CommutCallback)
    HAL_TIM_Base_Init                        0x08001dad   Thumb Code    90  stm32f4xx_hal_tim.o(i.HAL_TIM_Base_Init)
    HAL_TIM_Base_MspInit                     0x08001e07   Thumb Code     2  stm32f4xx_hal_tim.o(i.HAL_TIM_Base_MspInit)
    HAL_TIM_Base_Start_IT                    0x08001e09   Thumb Code   100  stm32f4xx_hal_tim.o(i.HAL_TIM_Base_Start_IT)
    HAL_TIM_IC_CaptureCallback               0x08001e89   Thumb Code     2  stm32f4xx_hal_tim.o(i.HAL_TIM_IC_CaptureCallback)
    HAL_TIM_IRQHandler                       0x08001e8b   Thumb Code   358  stm32f4xx_hal_tim.o(i.HAL_TIM_IRQHandler)
    HAL_TIM_OC_DelayElapsedCallback          0x08001ff1   Thumb Code     2  stm32f4xx_hal_tim.o(i.HAL_TIM_OC_DelayElapsedCallback)
    HAL_TIM_PWM_PulseFinishedCallback        0x08001ff3   Thumb Code     2  stm32f4xx_hal_tim.o(i.HAL_TIM_PWM_PulseFinishedCallback)
    HAL_TIM_PeriodElapsedCallback            0x08001ff5   Thumb Code    14  main.o(i.HAL_TIM_PeriodElapsedCallback)
    HAL_TIM_TriggerCallback                  0x08002009   Thumb Code     2  stm32f4xx_hal_tim.o(i.HAL_TIM_TriggerCallback)
    HAL_UARTEx_RxEventCallback               0x0800200b   Thumb Code     2  stm32f4xx_hal_uart.o(i.HAL_UARTEx_RxEventCallback)
    HAL_UART_ErrorCallback                   0x0800200d   Thumb Code     2  stm32f4xx_hal_uart.o(i.HAL_UART_ErrorCallback)
    HAL_UART_IRQHandler                      0x08002011   Thumb Code   610  stm32f4xx_hal_uart.o(i.HAL_UART_IRQHandler)
    HAL_UART_Init                            0x08002279   Thumb Code    98  stm32f4xx_hal_uart.o(i.HAL_UART_Init)
    HAL_UART_MspInit                         0x080022dd   Thumb Code   384  stm32f4xx_hal_msp.o(i.HAL_UART_MspInit)
    HAL_UART_RxCpltCallback                  0x08002485   Thumb Code     2  stm32f4xx_hal_uart.o(i.HAL_UART_RxCpltCallback)
    HAL_UART_TxCpltCallback                  0x08002487   Thumb Code     2  stm32f4xx_hal_uart.o(i.HAL_UART_TxCpltCallback)
    HardFault_Handler                        0x08002489   Thumb Code     2  stm32f4xx_it.o(i.HardFault_Handler)
    MemManage_Handler                        0x08002615   Thumb Code     2  stm32f4xx_it.o(i.MemManage_Handler)
    NMI_Handler                              0x08002617   Thumb Code     2  stm32f4xx_it.o(i.NMI_Handler)
    SysTick_Handler                          0x08002881   Thumb Code    26  cmsis_os2.o(i.SysTick_Handler)
    SystemClock_Config                       0x0800289d   Thumb Code   142  main.o(i.SystemClock_Config)
    SystemInit                               0x08002935   Thumb Code    12  system_stm32f4xx.o(i.SystemInit)
    TIM1_UP_TIM10_IRQHandler                 0x08002945   Thumb Code     6  stm32f4xx_it.o(i.TIM1_UP_TIM10_IRQHandler)
    TIM_Base_SetConfig                       0x08002951   Thumb Code   156  stm32f4xx_hal_tim.o(i.TIM_Base_SetConfig)
    UART4_IRQHandler                         0x08002a19   Thumb Code     6  stm32f4xx_it.o(i.UART4_IRQHandler)
    UART5_IRQHandler                         0x08002a25   Thumb Code     6  stm32f4xx_it.o(i.UART5_IRQHandler)
    USART3_IRQHandler                        0x08002c5d   Thumb Code     6  stm32f4xx_it.o(i.USART3_IRQHandler)
    USB_CoreInit                             0x08002c69   Thumb Code   112  stm32f4xx_ll_usb.o(i.USB_CoreInit)
    USB_DevDisconnect                        0x08002d1d   Thumb Code    28  stm32f4xx_ll_usb.o(i.USB_DevDisconnect)
    USB_DevInit                              0x08002d39   Thumb Code   362  stm32f4xx_ll_usb.o(i.USB_DevInit)
    USB_DisableGlobalInt                     0x08002ead   Thumb Code    12  stm32f4xx_ll_usb.o(i.USB_DisableGlobalInt)
    USB_FlushRxFifo                          0x08002eb9   Thumb Code    54  stm32f4xx_ll_usb.o(i.USB_FlushRxFifo)
    USB_FlushTxFifo                          0x08002ef5   Thumb Code    58  stm32f4xx_ll_usb.o(i.USB_FlushTxFifo)
    USB_SetCurrentMode                       0x08002f35   Thumb Code    92  stm32f4xx_ll_usb.o(i.USB_SetCurrentMode)
    UsageFault_Handler                       0x08002f91   Thumb Code     2  stm32f4xx_it.o(i.UsageFault_Handler)
    __ARM_fpclassifyf                        0x08002f93   Thumb Code    38  fpclassifyf.o(i.__ARM_fpclassifyf)
    __hardfp_powf                            0x08002fd9   Thumb Code  1606  powf.o(i.__hardfp_powf)
    __mathlib_powf                           0x08002fd9   Thumb Code     0  powf.o(i.__hardfp_powf)
    __mathlib_flt_divzero                    0x0800363d   Thumb Code    14  funder.o(i.__mathlib_flt_divzero)
    __mathlib_flt_infnan2                    0x08003651   Thumb Code     6  funder.o(i.__mathlib_flt_infnan2)
    __mathlib_flt_invalid                    0x08003659   Thumb Code    10  funder.o(i.__mathlib_flt_invalid)
    __mathlib_flt_overflow                   0x08003669   Thumb Code    10  funder.o(i.__mathlib_flt_overflow)
    __mathlib_flt_underflow                  0x08003679   Thumb Code    10  funder.o(i.__mathlib_flt_underflow)
    adc_task_init                            0x08003695   Thumb Code    44  adc_task.o(i.adc_task_init)
    main                                     0x080038b5   Thumb Code   208  main.o(i.main)
    osDelay                                  0x08003999   Thumb Code    26  cmsis_os2.o(i.osDelay)
    osKernelInitialize                       0x080039b5   Thumb Code    32  cmsis_os2.o(i.osKernelInitialize)
    osKernelStart                            0x080039d9   Thumb Code    48  cmsis_os2.o(i.osKernelStart)
    osSemaphoreAcquire                       0x08003a11   Thumb Code    88  cmsis_os2.o(i.osSemaphoreAcquire)
    osSemaphoreNew                           0x08003a6d   Thumb Code   152  cmsis_os2.o(i.osSemaphoreNew)
    osSemaphoreRelease                       0x08003b05   Thumb Code    82  cmsis_os2.o(i.osSemaphoreRelease)
    osThreadNew                              0x08003b5d   Thumb Code   138  cmsis_os2.o(i.osThreadNew)
    pvPortMalloc                             0x0800437d   Thumb Code   216  heap_4.o(i.pvPortMalloc)
    pvTaskIncrementMutexHeldCount            0x08004459   Thumb Code    18  tasks.o(i.pvTaskIncrementMutexHeldCount)
    pxPortInitialiseStack                    0x08004471   Thumb Code    40  port.o(i.pxPortInitialiseStack)
    uxListRemove                             0x0800449d   Thumb Code    38  list.o(i.uxListRemove)
    vApplicationGetIdleTaskMemory            0x080044c5   Thumb Code    16  cmsis_os2.o(i.vApplicationGetIdleTaskMemory)
    vApplicationGetTimerTaskMemory           0x080044d9   Thumb Code    18  cmsis_os2.o(i.vApplicationGetTimerTaskMemory)
    vListInitialise                          0x080044f1   Thumb Code    22  list.o(i.vListInitialise)
    vListInitialiseItem                      0x08004507   Thumb Code     6  list.o(i.vListInitialiseItem)
    vListInsert                              0x0800450d   Thumb Code    48  list.o(i.vListInsert)
    vListInsertEnd                           0x0800453d   Thumb Code    24  list.o(i.vListInsertEnd)
    vPortEnterCritical                       0x08004555   Thumb Code    54  port.o(i.vPortEnterCritical)
    vPortExitCritical                        0x08004595   Thumb Code    34  port.o(i.vPortExitCritical)
    vPortFree                                0x080045bd   Thumb Code    94  heap_4.o(i.vPortFree)
    vPortSetupTimerInterrupt                 0x08004621   Thumb Code    32  port.o(i.vPortSetupTimerInterrupt)
    vPortValidateInterruptPriority           0x08004645   Thumb Code    74  port.o(i.vPortValidateInterruptPriority)
    vQueueAddToRegistry                      0x08004699   Thumb Code    34  queue.o(i.vQueueAddToRegistry)
    vQueueDelete                             0x080046c1   Thumb Code    46  queue.o(i.vQueueDelete)
    vQueueUnregisterQueue                    0x080046f1   Thumb Code    36  queue.o(i.vQueueUnregisterQueue)
    vQueueWaitForMessageRestricted           0x08004719   Thumb Code    68  queue.o(i.vQueueWaitForMessageRestricted)
    vTaskDelay                               0x0800475d   Thumb Code    66  tasks.o(i.vTaskDelay)
    vTaskInternalSetTimeOutState             0x080047a9   Thumb Code    12  tasks.o(i.vTaskInternalSetTimeOutState)
    vTaskMissedYield                         0x080047b9   Thumb Code     8  tasks.o(i.vTaskMissedYield)
    vTaskPlaceOnEventList                    0x080047c5   Thumb Code    44  tasks.o(i.vTaskPlaceOnEventList)
    vTaskPlaceOnEventListRestricted          0x080047f5   Thumb Code    52  tasks.o(i.vTaskPlaceOnEventListRestricted)
    vTaskPriorityDisinheritAfterTimeout      0x0800482d   Thumb Code   134  tasks.o(i.vTaskPriorityDisinheritAfterTimeout)
    vTaskStartScheduler                      0x080048bd   Thumb Code   118  tasks.o(i.vTaskStartScheduler)
    vTaskSuspendAll                          0x08004945   Thumb Code    10  tasks.o(i.vTaskSuspendAll)
    vTaskSwitchContext                       0x08004955   Thumb Code    90  tasks.o(i.vTaskSwitchContext)
    xPortStartScheduler                      0x080049b9   Thumb Code   222  port.o(i.xPortStartScheduler)
    xPortSysTickHandler                      0x08004aad   Thumb Code    38  port.o(i.xPortSysTickHandler)
    xQueueCreateCountingSemaphore            0x08004ad9   Thumb Code    58  queue.o(i.xQueueCreateCountingSemaphore)
    xQueueCreateCountingSemaphoreStatic      0x08004b13   Thumb Code    64  queue.o(i.xQueueCreateCountingSemaphoreStatic)
    xQueueGenericCreate                      0x08004b53   Thumb Code    66  queue.o(i.xQueueGenericCreate)
    xQueueGenericCreateStatic                0x08004b95   Thumb Code   102  queue.o(i.xQueueGenericCreateStatic)
    xQueueGenericReset                       0x08004bfd   Thumb Code   132  queue.o(i.xQueueGenericReset)
    xQueueGenericSend                        0x08004c85   Thumb Code   346  queue.o(i.xQueueGenericSend)
    xQueueGenericSendFromISR                 0x08004de5   Thumb Code   190  queue.o(i.xQueueGenericSendFromISR)
    xQueueGiveFromISR                        0x08004ea3   Thumb Code   156  queue.o(i.xQueueGiveFromISR)
    xQueueReceive                            0x08004f41   Thumb Code   308  queue.o(i.xQueueReceive)
    xQueueReceiveFromISR                     0x08005079   Thumb Code   154  queue.o(i.xQueueReceiveFromISR)
    xQueueSemaphoreTake                      0x08005115   Thumb Code   372  queue.o(i.xQueueSemaphoreTake)
    xTaskCheckForTimeOut                     0x0800528d   Thumb Code   112  tasks.o(i.xTaskCheckForTimeOut)
    xTaskCreate                              0x08005301   Thumb Code    90  tasks.o(i.xTaskCreate)
    xTaskCreateStatic                        0x0800535b   Thumb Code    86  tasks.o(i.xTaskCreateStatic)
    xTaskGetSchedulerState                   0x080053b1   Thumb Code    22  tasks.o(i.xTaskGetSchedulerState)
    xTaskGetTickCount                        0x080053cd   Thumb Code     6  tasks.o(i.xTaskGetTickCount)
    xTaskIncrementTick                       0x080053d9   Thumb Code   192  tasks.o(i.xTaskIncrementTick)
    xTaskPriorityDisinherit                  0x080054a1   Thumb Code   118  tasks.o(i.xTaskPriorityDisinherit)
    xTaskPriorityInherit                     0x08005521   Thumb Code   112  tasks.o(i.xTaskPriorityInherit)
    xTaskRemoveFromEventList                 0x08005599   Thumb Code    98  tasks.o(i.xTaskRemoveFromEventList)
    xTaskResumeAll                           0x08005609   Thumb Code   182  tasks.o(i.xTaskResumeAll)
    xTimerCreateTimerTask                    0x080056cd   Thumb Code    78  timers.o(i.xTimerCreateTimerTask)
    xTimerGenericCommand                     0x0800572d   Thumb Code    98  timers.o(i.xTimerGenericCommand)
    _fp_init                                 0x08005795   Thumb Code    10  fpinit.o(x$fpl$fpinit)
    __fplib_config_fpu_vfp                   0x0800579d   Thumb Code     0  fpinit.o(x$fpl$fpinit)
    __fplib_config_pureend_doubles           0x0800579d   Thumb Code     0  fpinit.o(x$fpl$fpinit)
    __I$use$fp                               0x0800579e   Number         0  usenofp.o(x$fpl$usenofp)
    AHBPrescTable                            0x080057a6   Data          16  system_stm32f4xx.o(.constdata)
    APBPrescTable                            0x080057b6   Data           8  system_stm32f4xx.o(.constdata)
    Region$$Table$$Base                      0x080059a0   Number         0  anon$$obj.o(Region$$Table)
    Region$$Table$$Limit                     0x080059c0   Number         0  anon$$obj.o(Region$$Table)
    uwTickFreq                               0x20000000   Data           1  stm32f4xx_hal.o(.data)
    uwTickPrio                               0x20000004   Data           4  stm32f4xx_hal.o(.data)
    uwTick                                   0x20000008   Data           4  stm32f4xx_hal.o(.data)
    SystemCoreClock                          0x2000000c   Data           4  system_stm32f4xx.o(.data)
    pxCurrentTCB                             0x20000010   Data           4  tasks.o(.data)
    adc_drdy_cnt                             0x200000e0   Data           4  adc_driver.o(.data)
    adc_dma_start_cnt                        0x200000e4   Data           4  adc_driver.o(.data)
    adc_dma_complete_cnt                     0x200000e8   Data           4  adc_driver.o(.data)
    adc_dma_error_cnt                        0x200000ec   Data           4  adc_driver.o(.data)
    adc_spi_busy_cnt                         0x200000f0   Data           4  adc_driver.o(.data)
    adc_spi_error_cnt                        0x200000f4   Data           4  adc_driver.o(.data)
    adc_missed_drdy_cnt                      0x200000f8   Data           4  adc_driver.o(.data)
    adc_discarded_frame_cnt                  0x200000fc   Data           4  adc_driver.o(.data)
    adc_discard_remaining_cnt                0x20000100   Data           4  adc_driver.o(.data)
    adc_frame_pushed_cnt                     0x20000104   Data           4  adc_driver.o(.data)
    adc_frame_popped_cnt                     0x20000108   Data           4  adc_driver.o(.data)
    adc_last_hal_status                      0x2000010c   Data           4  adc_driver.o(.data)
    adc_last_spi_state                       0x20000110   Data           4  adc_driver.o(.data)
    adc_last_spi_error                       0x20000114   Data           4  adc_driver.o(.data)
    adc_last_dma_error                       0x20000118   Data           4  adc_driver.o(.data)
    adc_last_dma_ndtr                        0x2000011c   Data           4  adc_driver.o(.data)
    adc_task_state                           0x20000130   Data           1  adc_task.o(.data)
    adc_task_last_status                     0x20000131   Data           1  adc_task.o(.data)
    adc_data_valid                           0x20000132   Data           1  adc_task.o(.data)
    adc_task_init_attempts                   0x20000134   Data           4  adc_task.o(.data)
    adc_task_alive_tick                      0x20000138   Data           4  adc_task.o(.data)
    hspi2                                    0x20000140   Data          88  main.o(.bss)
    huart4                                   0x20000198   Data          68  main.o(.bss)
    huart5                                   0x200001dc   Data          68  main.o(.bss)
    huart3                                   0x20000220   Data          68  main.o(.bss)
    hpcd_USB_OTG_FS                          0x20000264   Data        1292  main.o(.bss)
    hdma_spi2_rx                             0x20000770   Data          96  main.o(.bss)
    hdma_uart4_rx                            0x200007d0   Data          96  main.o(.bss)
    hdma_uart4_tx                            0x20000830   Data          96  main.o(.bss)
    htim1                                    0x20000890   Data          72  stm32f4xx_hal_timebase_tim.o(.bss)
    xQueueRegistry                           0x200008d8   Data          64  queue.o(.bss)
    adc_ch                                   0x20005670   Data         160  adc_task.o(.bss)
    adc_latest_frame                         0x20005710   Data         172  adc_task.o(.bss)
    adc_driver_stats                         0x200057bc   Data          64  adc_task.o(.bss)
    __libspace_start                         0x200057fc   Data          96  libspace.o(.bss)
    __temporary_stack_top$libspace           0x2000585c   Data           0  libspace.o(.bss)



==============================================================================

Memory Map of the image

  Image Entry point : 0x08000189

  Load Region LR_IROM1 (Base: 0x08000000, Size: 0x00005b00, Max: 0x00100000, ABSOLUTE, COMPRESSED[0x000059d0])

    Execution Region ER_IROM1 (Exec base: 0x08000000, Load base: 0x08000000, Size: 0x000059c0, Max: 0x00100000, ABSOLUTE)

    Exec Addr    Load Addr    Size         Type   Attr      Idx    E Section Name        Object

    0x08000000   0x08000000   0x00000188   Data   RO            3    RESET               startup_stm32f405xx.o
    0x08000188   0x08000188   0x00000008   Code   RO         5925  * !!!main             c_w.l(__main.o)
    0x08000190   0x08000190   0x00000034   Code   RO         6136    !!!scatter          c_w.l(__scatter.o)
    0x080001c4   0x080001c4   0x0000003a   Code   RO         6134    !!dczerorl          c_w.l(__dczerorl.o)
    0x080001fe   0x080001fe   0x00000002   PAD
    0x08000200   0x08000200   0x0000001c   Code   RO         6138    !!handler_zi        c_w.l(__scatter_zi.o)
    0x0800021c   0x0800021c   0x00000002   Code   RO         6005    .ARM.Collect$$libinit$$00000000  c_w.l(libinit.o)
    0x0800021e   0x0800021e   0x00000004   Code   RO         6014    .ARM.Collect$$libinit$$00000001  c_w.l(libinit2.o)
    0x08000222   0x08000222   0x00000000   Code   RO         6017    .ARM.Collect$$libinit$$00000004  c_w.l(libinit2.o)
    0x08000222   0x08000222   0x00000000   Code   RO         6020    .ARM.Collect$$libinit$$0000000A  c_w.l(libinit2.o)
    0x08000222   0x08000222   0x00000000   Code   RO         6022    .ARM.Collect$$libinit$$0000000C  c_w.l(libinit2.o)
    0x08000222   0x08000222   0x00000000   Code   RO         6024    .ARM.Collect$$libinit$$0000000E  c_w.l(libinit2.o)
    0x08000222   0x08000222   0x00000000   Code   RO         6027    .ARM.Collect$$libinit$$00000011  c_w.l(libinit2.o)
    0x08000222   0x08000222   0x00000000   Code   RO         6029    .ARM.Collect$$libinit$$00000013  c_w.l(libinit2.o)
    0x08000222   0x08000222   0x00000000   Code   RO         6031    .ARM.Collect$$libinit$$00000015  c_w.l(libinit2.o)
    0x08000222   0x08000222   0x00000000   Code   RO         6033    .ARM.Collect$$libinit$$00000017  c_w.l(libinit2.o)
    0x08000222   0x08000222   0x00000000   Code   RO         6035    .ARM.Collect$$libinit$$00000019  c_w.l(libinit2.o)
    0x08000222   0x08000222   0x00000000   Code   RO         6037    .ARM.Collect$$libinit$$0000001B  c_w.l(libinit2.o)
    0x08000222   0x08000222   0x00000000   Code   RO         6039    .ARM.Collect$$libinit$$0000001D  c_w.l(libinit2.o)
    0x08000222   0x08000222   0x00000000   Code   RO         6041    .ARM.Collect$$libinit$$0000001F  c_w.l(libinit2.o)
    0x08000222   0x08000222   0x00000000   Code   RO         6043    .ARM.Collect$$libinit$$00000021  c_w.l(libinit2.o)
    0x08000222   0x08000222   0x00000000   Code   RO         6045    .ARM.Collect$$libinit$$00000023  c_w.l(libinit2.o)
    0x08000222   0x08000222   0x00000000   Code   RO         6047    .ARM.Collect$$libinit$$00000025  c_w.l(libinit2.o)
    0x08000222   0x08000222   0x00000000   Code   RO         6051    .ARM.Collect$$libinit$$0000002C  c_w.l(libinit2.o)
    0x08000222   0x08000222   0x00000000   Code   RO         6053    .ARM.Collect$$libinit$$0000002E  c_w.l(libinit2.o)
    0x08000222   0x08000222   0x00000000   Code   RO         6055    .ARM.Collect$$libinit$$00000030  c_w.l(libinit2.o)
    0x08000222   0x08000222   0x00000000   Code   RO         6057    .ARM.Collect$$libinit$$00000032  c_w.l(libinit2.o)
    0x08000222   0x08000222   0x00000002   Code   RO         6058    .ARM.Collect$$libinit$$00000033  c_w.l(libinit2.o)
    0x08000224   0x08000224   0x00000002   Code   RO         6089    .ARM.Collect$$libshutdown$$00000000  c_w.l(libshutdown.o)
    0x08000226   0x08000226   0x00000000   Code   RO         6115    .ARM.Collect$$libshutdown$$00000002  c_w.l(libshutdown2.o)
    0x08000226   0x08000226   0x00000000   Code   RO         6117    .ARM.Collect$$libshutdown$$00000004  c_w.l(libshutdown2.o)
    0x08000226   0x08000226   0x00000000   Code   RO         6119    .ARM.Collect$$libshutdown$$00000006  c_w.l(libshutdown2.o)
    0x08000226   0x08000226   0x00000000   Code   RO         6122    .ARM.Collect$$libshutdown$$00000009  c_w.l(libshutdown2.o)
    0x08000226   0x08000226   0x00000000   Code   RO         6125    .ARM.Collect$$libshutdown$$0000000C  c_w.l(libshutdown2.o)
    0x08000226   0x08000226   0x00000000   Code   RO         6127    .ARM.Collect$$libshutdown$$0000000E  c_w.l(libshutdown2.o)
    0x08000226   0x08000226   0x00000000   Code   RO         6130    .ARM.Collect$$libshutdown$$00000011  c_w.l(libshutdown2.o)
    0x08000226   0x08000226   0x00000002   Code   RO         6131    .ARM.Collect$$libshutdown$$00000012  c_w.l(libshutdown2.o)
    0x08000228   0x08000228   0x00000000   Code   RO         5941    .ARM.Collect$$rtentry$$00000000  c_w.l(__rtentry.o)
    0x08000228   0x08000228   0x00000000   Code   RO         5968    .ARM.Collect$$rtentry$$00000002  c_w.l(__rtentry2.o)
    0x08000228   0x08000228   0x00000006   Code   RO         5980    .ARM.Collect$$rtentry$$00000004  c_w.l(__rtentry4.o)
    0x0800022e   0x0800022e   0x00000000   Code   RO         5970    .ARM.Collect$$rtentry$$00000009  c_w.l(__rtentry2.o)
    0x0800022e   0x0800022e   0x00000004   Code   RO         5971    .ARM.Collect$$rtentry$$0000000A  c_w.l(__rtentry2.o)
    0x08000232   0x08000232   0x00000000   Code   RO         5973    .ARM.Collect$$rtentry$$0000000C  c_w.l(__rtentry2.o)
    0x08000232   0x08000232   0x00000008   Code   RO         5974    .ARM.Collect$$rtentry$$0000000D  c_w.l(__rtentry2.o)
    0x0800023a   0x0800023a   0x00000002   Code   RO         6006    .ARM.Collect$$rtexit$$00000000  c_w.l(rtexit.o)
    0x0800023c   0x0800023c   0x00000000   Code   RO         6062    .ARM.Collect$$rtexit$$00000002  c_w.l(rtexit2.o)
    0x0800023c   0x0800023c   0x00000004   Code   RO         6063    .ARM.Collect$$rtexit$$00000003  c_w.l(rtexit2.o)
    0x08000240   0x08000240   0x00000006   Code   RO         6064    .ARM.Collect$$rtexit$$00000004  c_w.l(rtexit2.o)
    0x08000246   0x08000246   0x00000002   PAD
    0x08000248   0x08000248   0x000000be   Code   RO         5554    .emb_text           port.o
    0x08000306   0x08000306   0x00000002   PAD
    0x08000308   0x08000308   0x00000040   Code   RO            4    .text               startup_stm32f405xx.o
    0x08000348   0x08000348   0x000000ee   Code   RO         5909    .text               c_w.l(lludivv7m.o)
    0x08000436   0x08000436   0x0000008a   Code   RO         5911    .text               c_w.l(rt_memcpy_v6.o)
    0x080004c0   0x080004c0   0x00000064   Code   RO         5913    .text               c_w.l(rt_memcpy_w.o)
    0x08000524   0x08000524   0x00000010   Code   RO         5917    .text               c_w.l(aeabi_memset.o)
    0x08000534   0x08000534   0x00000044   Code   RO         5919    .text               c_w.l(rt_memclr.o)
    0x08000578   0x08000578   0x0000004e   Code   RO         5921    .text               c_w.l(rt_memclr_w.o)
    0x080005c6   0x080005c6   0x00000006   Code   RO         5923    .text               c_w.l(heapauxi.o)
    0x080005cc   0x080005cc   0x00000016   Code   RO         5946    .text               c_w.l(_rserrno.o)
    0x080005e2   0x080005e2   0x00000002   PAD
    0x080005e4   0x080005e4   0x00000008   Code   RO         5987    .text               c_w.l(rt_errno_addr_intlibspace.o)
    0x080005ec   0x080005ec   0x00000008   Code   RO         5989    .text               c_w.l(libspace.o)
    0x080005f4   0x080005f4   0x0000004a   Code   RO         5992    .text               c_w.l(sys_stackheap_outer.o)
    0x0800063e   0x0800063e   0x00000012   Code   RO         5994    .text               c_w.l(exit.o)
    0x08000650   0x08000650   0x0000000c   Code   RO         6059    .text               c_w.l(sys_exit.o)
    0x0800065c   0x0800065c   0x00000002   Code   RO         6078    .text               c_w.l(use_no_semi.o)
    0x0800065e   0x0800065e   0x00000000   Code   RO         6080    .text               c_w.l(indicate_semi.o)
    0x0800065e   0x0800065e   0x00000002   PAD
    0x08000660   0x08000660   0x00000048   Code   RO         5635    i.ADC_Buffer_Pop    adc_buffer.o
    0x080006a8   0x080006a8   0x00000058   Code   RO         5636    i.ADC_Buffer_PushFromISR  adc_buffer.o
    0x08000700   0x08000700   0x0000001c   Code   RO         5637    i.ADC_Buffer_Reset  adc_buffer.o
    0x0800071c   0x0800071c   0x000000b0   Code   RO         5693    i.ADC_Driver_EXTI_Callback  adc_driver.o
    0x080007cc   0x080007cc   0x00000038   Code   RO         5694    i.ADC_Driver_EnableChannels  adc_driver.o
    0x08000804   0x08000804   0x00000014   Code   RO         5797    i.ADC_Driver_FrameReadyCallbackFromISR  adc_unpack.o
    0x08000818   0x08000818   0x00000060   Code   RO         5696    i.ADC_Driver_GetStats  adc_driver.o
    0x08000878   0x08000878   0x00000094   Code   RO         5697    i.ADC_Driver_Init   adc_driver.o
    0x0800090c   0x0800090c   0x0000001c   Code   RO         5699    i.ADC_Driver_PopRawFrame  adc_driver.o
    0x08000928   0x08000928   0x00000034   Code   RO         5700    i.ADC_Driver_Start  adc_driver.o
    0x0800095c   0x0800095c   0x00000038   Code   RO         5702    i.ADC_Driver_Sync   adc_driver.o
    0x08000994   0x08000994   0x00000034   Code   RO         5799    i.ADC_Unpack_GetLatestFrame  adc_unpack.o
    0x080009c8   0x080009c8   0x0000003c   Code   RO         5800    i.ADC_Unpack_Init   adc_unpack.o
    0x08000a04   0x08000a04   0x00000002   Code   RO          263    i.BusFault_Handler  stm32f4xx_it.o
    0x08000a06   0x08000a06   0x00000002   PAD
    0x08000a08   0x08000a08   0x0000000c   Code   RO          264    i.DMA1_Stream2_IRQHandler  stm32f4xx_it.o
    0x08000a14   0x08000a14   0x0000000c   Code   RO          265    i.DMA1_Stream3_IRQHandler  stm32f4xx_it.o
    0x08000a20   0x08000a20   0x0000000c   Code   RO          266    i.DMA1_Stream4_IRQHandler  stm32f4xx_it.o
    0x08000a2c   0x08000a2c   0x00000028   Code   RO          928    i.DMA_CalcBaseAndBitshift  stm32f4xx_hal_dma.o
    0x08000a54   0x08000a54   0x00000054   Code   RO          929    i.DMA_CheckFifoParam  stm32f4xx_hal_dma.o
    0x08000aa8   0x08000aa8   0x00000028   Code   RO          930    i.DMA_SetConfig     stm32f4xx_hal_dma.o
    0x08000ad0   0x08000ad0   0x00000002   Code   RO          267    i.DebugMon_Handler  stm32f4xx_it.o
    0x08000ad2   0x08000ad2   0x00000006   Code   RO          268    i.EXTI9_5_IRQHandler  stm32f4xx_it.o
    0x08000ad8   0x08000ad8   0x00000004   Code   RO           13    i.Error_Handler     main.o
    0x08000adc   0x08000adc   0x00000092   Code   RO          931    i.HAL_DMA_Abort     stm32f4xx_hal_dma.o
    0x08000b6e   0x08000b6e   0x00000024   Code   RO          932    i.HAL_DMA_Abort_IT  stm32f4xx_hal_dma.o
    0x08000b92   0x08000b92   0x00000002   PAD
    0x08000b94   0x08000b94   0x000001a0   Code   RO          936    i.HAL_DMA_IRQHandler  stm32f4xx_hal_dma.o
    0x08000d34   0x08000d34   0x000000d4   Code   RO          937    i.HAL_DMA_Init      stm32f4xx_hal_dma.o
    0x08000e08   0x08000e08   0x0000006e   Code   RO          941    i.HAL_DMA_Start_IT  stm32f4xx_hal_dma.o
    0x08000e76   0x08000e76   0x00000002   PAD
    0x08000e78   0x08000e78   0x00000024   Code   RO         1350    i.HAL_Delay         stm32f4xx_hal.o
    0x08000e9c   0x08000e9c   0x00000004   Code   RO         5703    i.HAL_GPIO_EXTI_Callback  adc_driver.o
    0x08000ea0   0x08000ea0   0x00000018   Code   RO          823    i.HAL_GPIO_EXTI_IRQHandler  stm32f4xx_hal_gpio.o
    0x08000eb8   0x08000eb8   0x000001f0   Code   RO          824    i.HAL_GPIO_Init     stm32f4xx_hal_gpio.o
    0x080010a8   0x080010a8   0x0000000a   Code   RO          828    i.HAL_GPIO_WritePin  stm32f4xx_hal_gpio.o
    0x080010b2   0x080010b2   0x00000002   PAD
    0x080010b4   0x080010b4   0x0000000c   Code   RO         1356    i.HAL_GetTick       stm32f4xx_hal.o
    0x080010c0   0x080010c0   0x00000010   Code   RO         1362    i.HAL_IncTick       stm32f4xx_hal.o
    0x080010d0   0x080010d0   0x00000034   Code   RO         1363    i.HAL_Init          stm32f4xx_hal.o
    0x08001104   0x08001104   0x0000008c   Code   RO          430    i.HAL_InitTick      stm32f4xx_hal_timebase_tim.o
    0x08001190   0x08001190   0x00000038   Code   RO          369    i.HAL_MspInit       stm32f4xx_hal_msp.o
    0x080011c8   0x080011c8   0x0000001a   Code   RO         1213    i.HAL_NVIC_EnableIRQ  stm32f4xx_hal_cortex.o
    0x080011e2   0x080011e2   0x00000002   PAD
    0x080011e4   0x080011e4   0x00000040   Code   RO         1219    i.HAL_NVIC_SetPriority  stm32f4xx_hal_cortex.o
    0x08001224   0x08001224   0x00000024   Code   RO         1220    i.HAL_NVIC_SetPriorityGrouping  stm32f4xx_hal_cortex.o
    0x08001248   0x08001248   0x000000e2   Code   RO         3275    i.HAL_PCD_Init      stm32f4xx_hal_pcd.o
    0x0800132a   0x0800132a   0x00000002   PAD
    0x0800132c   0x0800132c   0x00000074   Code   RO          371    i.HAL_PCD_MspInit   stm32f4xx_hal_msp.o
    0x080013a0   0x080013a0   0x00000134   Code   RO          470    i.HAL_RCC_ClockConfig  stm32f4xx_hal_rcc.o
    0x080014d4   0x080014d4   0x00000040   Code   RO          474    i.HAL_RCC_GetClockConfig  stm32f4xx_hal_rcc.o
    0x08001514   0x08001514   0x00000020   Code   RO          477    i.HAL_RCC_GetPCLK1Freq  stm32f4xx_hal_rcc.o
    0x08001534   0x08001534   0x00000020   Code   RO          478    i.HAL_RCC_GetPCLK2Freq  stm32f4xx_hal_rcc.o
    0x08001554   0x08001554   0x00000064   Code   RO          479    i.HAL_RCC_GetSysClockFreq  stm32f4xx_hal_rcc.o
    0x080015b8   0x080015b8   0x0000036c   Code   RO          482    i.HAL_RCC_OscConfig  stm32f4xx_hal_rcc.o
    0x08001924   0x08001924   0x00000060   Code   RO         5704    i.HAL_SPI_ErrorCallback  adc_driver.o
    0x08001984   0x08001984   0x000000bc   Code   RO         1612    i.HAL_SPI_Init      stm32f4xx_hal_spi.o
    0x08001a40   0x08001a40   0x0000009c   Code   RO          373    i.HAL_SPI_MspInit   stm32f4xx_hal_msp.o
    0x08001adc   0x08001adc   0x000000f4   Code   RO         1616    i.HAL_SPI_Receive_DMA  stm32f4xx_hal_spi.o
    0x08001bd0   0x08001bd0   0x000000ac   Code   RO         5705    i.HAL_SPI_RxCpltCallback  adc_driver.o
    0x08001c7c   0x08001c7c   0x00000002   Code   RO         1619    i.HAL_SPI_RxHalfCpltCallback  stm32f4xx_hal_spi.o
    0x08001c7e   0x08001c7e   0x00000002   PAD
    0x08001c80   0x08001c80   0x00000124   Code   RO         1622    i.HAL_SPI_TransmitReceive_DMA  stm32f4xx_hal_spi.o
    0x08001da4   0x08001da4   0x00000002   Code   RO         1628    i.HAL_SPI_TxRxCpltCallback  stm32f4xx_hal_spi.o
    0x08001da6   0x08001da6   0x00000002   Code   RO         1629    i.HAL_SPI_TxRxHalfCpltCallback  stm32f4xx_hal_spi.o
    0x08001da8   0x08001da8   0x00000002   Code   RO         2629    i.HAL_TIMEx_BreakCallback  stm32f4xx_hal_tim_ex.o
    0x08001daa   0x08001daa   0x00000002   Code   RO         2630    i.HAL_TIMEx_CommutCallback  stm32f4xx_hal_tim_ex.o
    0x08001dac   0x08001dac   0x0000005a   Code   RO         1925    i.HAL_TIM_Base_Init  stm32f4xx_hal_tim.o
    0x08001e06   0x08001e06   0x00000002   Code   RO         1927    i.HAL_TIM_Base_MspInit  stm32f4xx_hal_tim.o
    0x08001e08   0x08001e08   0x00000080   Code   RO         1930    i.HAL_TIM_Base_Start_IT  stm32f4xx_hal_tim.o
    0x08001e88   0x08001e88   0x00000002   Code   RO         1959    i.HAL_TIM_IC_CaptureCallback  stm32f4xx_hal_tim.o
    0x08001e8a   0x08001e8a   0x00000166   Code   RO         1973    i.HAL_TIM_IRQHandler  stm32f4xx_hal_tim.o
    0x08001ff0   0x08001ff0   0x00000002   Code   RO         1976    i.HAL_TIM_OC_DelayElapsedCallback  stm32f4xx_hal_tim.o
    0x08001ff2   0x08001ff2   0x00000002   Code   RO         2003    i.HAL_TIM_PWM_PulseFinishedCallback  stm32f4xx_hal_tim.o
    0x08001ff4   0x08001ff4   0x00000014   Code   RO           14    i.HAL_TIM_PeriodElapsedCallback  main.o
    0x08002008   0x08002008   0x00000002   Code   RO         2016    i.HAL_TIM_TriggerCallback  stm32f4xx_hal_tim.o
    0x0800200a   0x0800200a   0x00000002   Code   RO         2907    i.HAL_UARTEx_RxEventCallback  stm32f4xx_hal_uart.o
    0x0800200c   0x0800200c   0x00000002   Code   RO         2921    i.HAL_UART_ErrorCallback  stm32f4xx_hal_uart.o
    0x0800200e   0x0800200e   0x00000002   PAD
    0x08002010   0x08002010   0x00000268   Code   RO         2924    i.HAL_UART_IRQHandler  stm32f4xx_hal_uart.o
    0x08002278   0x08002278   0x00000062   Code   RO         2925    i.HAL_UART_Init     stm32f4xx_hal_uart.o
    0x080022da   0x080022da   0x00000002   PAD
    0x080022dc   0x080022dc   0x000001a8   Code   RO          375    i.HAL_UART_MspInit  stm32f4xx_hal_msp.o
    0x08002484   0x08002484   0x00000002   Code   RO         2931    i.HAL_UART_RxCpltCallback  stm32f4xx_hal_uart.o
    0x08002486   0x08002486   0x00000002   Code   RO         2936    i.HAL_UART_TxCpltCallback  stm32f4xx_hal_uart.o
    0x08002488   0x08002488   0x00000002   Code   RO          269    i.HardFault_Handler  stm32f4xx_it.o
    0x0800248a   0x0800248a   0x00000002   PAD
    0x0800248c   0x0800248c   0x00000110   Code   RO           15    i.MX_GPIO_Init      main.o
    0x0800259c   0x0800259c   0x00000044   Code   RO           16    i.MX_SPI2_Init      main.o
    0x080025e0   0x080025e0   0x00000034   Code   RO           17    i.MX_USB_OTG_FS_PCD_Init  main.o
    0x08002614   0x08002614   0x00000002   Code   RO          270    i.MemManage_Handler  stm32f4xx_it.o
    0x08002616   0x08002616   0x00000002   Code   RO          271    i.NMI_Handler       stm32f4xx_it.o
    0x08002618   0x08002618   0x00000022   Code   RO         1640    i.SPI_DMAError      stm32f4xx_hal_spi.o
    0x0800263a   0x0800263a   0x0000000a   Code   RO         1641    i.SPI_DMAHalfReceiveCplt  stm32f4xx_hal_spi.o
    0x08002644   0x08002644   0x0000000a   Code   RO         1643    i.SPI_DMAHalfTransmitReceiveCplt  stm32f4xx_hal_spi.o
    0x0800264e   0x0800264e   0x0000006a   Code   RO         1644    i.SPI_DMAReceiveCplt  stm32f4xx_hal_spi.o
    0x080026b8   0x080026b8   0x0000005a   Code   RO         1647    i.SPI_DMATransmitReceiveCplt  stm32f4xx_hal_spi.o
    0x08002712   0x08002712   0x0000005c   Code   RO         1649    i.SPI_EndRxTransaction  stm32f4xx_hal_spi.o
    0x0800276e   0x0800276e   0x00000002   PAD
    0x08002770   0x08002770   0x00000058   Code   RO         1650    i.SPI_EndRxTxTransaction  stm32f4xx_hal_spi.o
    0x080027c8   0x080027c8   0x000000b8   Code   RO         1655    i.SPI_WaitFlagStateUntilTimeout  stm32f4xx_hal_spi.o
    0x08002880   0x08002880   0x0000001a   Code   RO         4986    i.SysTick_Handler   cmsis_os2.o
    0x0800289a   0x0800289a   0x00000002   PAD
    0x0800289c   0x0800289c   0x00000098   Code   RO           19    i.SystemClock_Config  main.o
    0x08002934   0x08002934   0x00000010   Code   RO         3839    i.SystemInit        system_stm32f4xx.o
    0x08002944   0x08002944   0x0000000c   Code   RO          272    i.TIM1_UP_TIM10_IRQHandler  stm32f4xx_it.o
    0x08002950   0x08002950   0x000000c8   Code   RO         2018    i.TIM_Base_SetConfig  stm32f4xx_hal_tim.o
    0x08002a18   0x08002a18   0x0000000c   Code   RO          273    i.UART4_IRQHandler  stm32f4xx_it.o
    0x08002a24   0x08002a24   0x0000000c   Code   RO          274    i.UART5_IRQHandler  stm32f4xx_it.o
    0x08002a30   0x08002a30   0x00000010   Code   RO         2938    i.UART_DMAAbortOnError  stm32f4xx_hal_uart.o
    0x08002a40   0x08002a40   0x0000004e   Code   RO         2948    i.UART_EndRxTransfer  stm32f4xx_hal_uart.o
    0x08002a8e   0x08002a8e   0x000000c0   Code   RO         2950    i.UART_Receive_IT   stm32f4xx_hal_uart.o
    0x08002b4e   0x08002b4e   0x00000002   PAD
    0x08002b50   0x08002b50   0x0000010c   Code   RO         2951    i.UART_SetConfig    stm32f4xx_hal_uart.o
    0x08002c5c   0x08002c5c   0x0000000c   Code   RO          275    i.USART3_IRQHandler  stm32f4xx_it.o
    0x08002c68   0x08002c68   0x00000074   Code   RO         3538    i.USB_CoreInit      stm32f4xx_ll_usb.o
    0x08002cdc   0x08002cdc   0x00000040   Code   RO         3539    i.USB_CoreReset     stm32f4xx_ll_usb.o
    0x08002d1c   0x08002d1c   0x0000001c   Code   RO         3544    i.USB_DevDisconnect  stm32f4xx_ll_usb.o
    0x08002d38   0x08002d38   0x00000174   Code   RO         3545    i.USB_DevInit       stm32f4xx_ll_usb.o
    0x08002eac   0x08002eac   0x0000000c   Code   RO         3546    i.USB_DisableGlobalInt  stm32f4xx_ll_usb.o
    0x08002eb8   0x08002eb8   0x0000003c   Code   RO         3556    i.USB_FlushRxFifo   stm32f4xx_ll_usb.o
    0x08002ef4   0x08002ef4   0x00000040   Code   RO         3557    i.USB_FlushTxFifo   stm32f4xx_ll_usb.o
    0x08002f34   0x08002f34   0x0000005c   Code   RO         3575    i.USB_SetCurrentMode  stm32f4xx_ll_usb.o
    0x08002f90   0x08002f90   0x00000002   Code   RO          276    i.UsageFault_Handler  stm32f4xx_it.o
    0x08002f92   0x08002f92   0x00000026   Code   RO         5951    i.__ARM_fpclassifyf  m_wm.l(fpclassifyf.o)
    0x08002fb8   0x08002fb8   0x00000020   Code   RO         1226    i.__NVIC_SetPriority  stm32f4xx_hal_cortex.o
    0x08002fd8   0x08002fd8   0x00000664   Code   RO         5927    i.__hardfp_powf     m_wm.l(powf.o)
    0x0800363c   0x0800363c   0x00000014   Code   RO         5953    i.__mathlib_flt_divzero  m_wm.l(funder.o)
    0x08003650   0x08003650   0x00000006   Code   RO         5955    i.__mathlib_flt_infnan2  m_wm.l(funder.o)
    0x08003656   0x08003656   0x00000002   PAD
    0x08003658   0x08003658   0x00000010   Code   RO         5956    i.__mathlib_flt_invalid  m_wm.l(funder.o)
    0x08003668   0x08003668   0x00000010   Code   RO         5957    i.__mathlib_flt_overflow  m_wm.l(funder.o)
    0x08003678   0x08003678   0x00000010   Code   RO         5959    i.__mathlib_flt_underflow  m_wm.l(funder.o)
    0x08003688   0x08003688   0x0000000c   Code   RO         5638    i.adc_buffer_next   adc_buffer.o
    0x08003694   0x08003694   0x00000038   Code   RO         5866    i.adc_task_init     adc_task.o
    0x080036cc   0x080036cc   0x000000ac   Code   RO         5867    i.adc_task_thread   adc_task.o
    0x08003778   0x08003778   0x000000e4   Code   RO         5801    i.adc_unpack_convert  adc_unpack.o
    0x0800385c   0x0800385c   0x00000058   Code   RO         5802    i.adc_unpack_thread  adc_unpack.o
    0x080038b4   0x080038b4   0x000000e4   Code   RO           20    i.main              main.o
    0x08003998   0x08003998   0x0000001a   Code   RO         4988    i.osDelay           cmsis_os2.o
    0x080039b2   0x080039b2   0x00000002   PAD
    0x080039b4   0x080039b4   0x00000024   Code   RO         5002    i.osKernelInitialize  cmsis_os2.o
    0x080039d8   0x080039d8   0x00000038   Code   RO         5005    i.osKernelStart     cmsis_os2.o
    0x08003a10   0x08003a10   0x0000005c   Code   RO         5030    i.osSemaphoreAcquire  cmsis_os2.o
    0x08003a6c   0x08003a6c   0x00000098   Code   RO         5033    i.osSemaphoreNew    cmsis_os2.o
    0x08003b04   0x08003b04   0x00000058   Code   RO         5034    i.osSemaphoreRelease  cmsis_os2.o
    0x08003b5c   0x08003b5c   0x0000008a   Code   RO         5047    i.osThreadNew       cmsis_os2.o
    0x08003be6   0x08003be6   0x00000002   PAD
    0x08003be8   0x08003be8   0x0000005c   Code   RO         4447    i.prvAddCurrentTaskToDelayedList  tasks.o
    0x08003c44   0x08003c44   0x000000d0   Code   RO         4448    i.prvAddNewTaskToReadyList  tasks.o
    0x08003d14   0x08003d14   0x00000058   Code   RO         4812    i.prvCheckForValidListAndQueue  timers.o
    0x08003d6c   0x08003d6c   0x00000026   Code   RO         4044    i.prvCopyDataFromQueue  queue.o
    0x08003d92   0x08003d92   0x0000006c   Code   RO         4045    i.prvCopyDataToQueue  queue.o
    0x08003dfe   0x08003dfe   0x00000034   Code   RO         4449    i.prvDeleteTCB      tasks.o
    0x08003e32   0x08003e32   0x00000002   PAD
    0x08003e34   0x08003e34   0x0000004c   Code   RO         5499    i.prvHeapInit       heap_4.o
    0x08003e80   0x08003e80   0x00000060   Code   RO         4450    i.prvIdleTask       tasks.o
    0x08003ee0   0x08003ee0   0x00000022   Code   RO         4047    i.prvInitialiseNewQueue  queue.o
    0x08003f02   0x08003f02   0x00000002   PAD
    0x08003f04   0x08003f04   0x000000b0   Code   RO         4451    i.prvInitialiseNewTask  tasks.o
    0x08003fb4   0x08003fb4   0x0000004c   Code   RO         5500    i.prvInsertBlockIntoFreeList  heap_4.o
    0x08004000   0x08004000   0x00000038   Code   RO         4814    i.prvInsertTimerInActiveList  timers.o
    0x08004038   0x08004038   0x0000001c   Code   RO         4048    i.prvIsQueueEmpty   queue.o
    0x08004054   0x08004054   0x000000fc   Code   RO         4815    i.prvProcessReceivedCommands  timers.o
    0x08004150   0x08004150   0x000000c0   Code   RO         4816    i.prvProcessTimerOrBlockTask  timers.o
    0x08004210   0x08004210   0x00000020   Code   RO         4453    i.prvResetNextTaskUnblockTime  tasks.o
    0x08004230   0x08004230   0x00000028   Code   RO         4817    i.prvSampleTimeNow  timers.o
    0x08004258   0x08004258   0x0000006c   Code   RO         4818    i.prvSwitchTimerLists  timers.o
    0x080042c4   0x080042c4   0x00000028   Code   RO         5555    i.prvTaskExitError  port.o
    0x080042ec   0x080042ec   0x00000024   Code   RO         4819    i.prvTimerTask      timers.o
    0x08004310   0x08004310   0x0000006a   Code   RO         4049    i.prvUnlockQueue    queue.o
    0x0800437a   0x0800437a   0x00000002   PAD
    0x0800437c   0x0800437c   0x000000dc   Code   RO         5501    i.pvPortMalloc      heap_4.o
    0x08004458   0x08004458   0x00000018   Code   RO         4456    i.pvTaskIncrementMutexHeldCount  tasks.o
    0x08004470   0x08004470   0x0000002c   Code   RO         5556    i.pxPortInitialiseStack  port.o
    0x0800449c   0x0800449c   0x00000026   Code   RO         4004    i.uxListRemove      list.o
    0x080044c2   0x080044c2   0x00000002   PAD
    0x080044c4   0x080044c4   0x00000014   Code   RO         5059    i.vApplicationGetIdleTaskMemory  cmsis_os2.o
    0x080044d8   0x080044d8   0x00000018   Code   RO         5060    i.vApplicationGetTimerTaskMemory  cmsis_os2.o
    0x080044f0   0x080044f0   0x00000016   Code   RO         4005    i.vListInitialise   list.o
    0x08004506   0x08004506   0x00000006   Code   RO         4006    i.vListInitialiseItem  list.o
    0x0800450c   0x0800450c   0x00000030   Code   RO         4007    i.vListInsert       list.o
    0x0800453c   0x0800453c   0x00000018   Code   RO         4008    i.vListInsertEnd    list.o
    0x08004554   0x08004554   0x00000040   Code   RO         5558    i.vPortEnterCritical  port.o
    0x08004594   0x08004594   0x00000028   Code   RO         5559    i.vPortExitCritical  port.o
    0x080045bc   0x080045bc   0x00000064   Code   RO         5502    i.vPortFree         heap_4.o
    0x08004620   0x08004620   0x00000024   Code   RO         5560    i.vPortSetupTimerInterrupt  port.o
    0x08004644   0x08004644   0x00000054   Code   RO         5561    i.vPortValidateInterruptPriority  port.o
    0x08004698   0x08004698   0x00000028   Code   RO         4055    i.vQueueAddToRegistry  queue.o
    0x080046c0   0x080046c0   0x0000002e   Code   RO         4056    i.vQueueDelete      queue.o
    0x080046ee   0x080046ee   0x00000002   PAD
    0x080046f0   0x080046f0   0x00000028   Code   RO         4058    i.vQueueUnregisterQueue  queue.o
    0x08004718   0x08004718   0x00000044   Code   RO         4059    i.vQueueWaitForMessageRestricted  queue.o
    0x0800475c   0x0800475c   0x0000004c   Code   RO         4466    i.vTaskDelay        tasks.o
    0x080047a8   0x080047a8   0x00000010   Code   RO         4471    i.vTaskInternalSetTimeOutState  tasks.o
    0x080047b8   0x080047b8   0x0000000c   Code   RO         4472    i.vTaskMissedYield  tasks.o
    0x080047c4   0x080047c4   0x00000030   Code   RO         4474    i.vTaskPlaceOnEventList  tasks.o
    0x080047f4   0x080047f4   0x00000038   Code   RO         4475    i.vTaskPlaceOnEventListRestricted  tasks.o
    0x0800482c   0x0800482c   0x00000090   Code   RO         4477    i.vTaskPriorityDisinheritAfterTimeout  tasks.o
    0x080048bc   0x080048bc   0x00000088   Code   RO         4483    i.vTaskStartScheduler  tasks.o
    0x08004944   0x08004944   0x00000010   Code   RO         4485    i.vTaskSuspendAll   tasks.o
    0x08004954   0x08004954   0x00000064   Code   RO         4486    i.vTaskSwitchContext  tasks.o
    0x080049b8   0x080049b8   0x000000f4   Code   RO         5562    i.xPortStartScheduler  port.o
    0x08004aac   0x08004aac   0x0000002c   Code   RO         5563    i.xPortSysTickHandler  port.o
    0x08004ad8   0x08004ad8   0x0000003a   Code   RO         4060    i.xQueueCreateCountingSemaphore  queue.o
    0x08004b12   0x08004b12   0x00000040   Code   RO         4061    i.xQueueCreateCountingSemaphoreStatic  queue.o
    0x08004b52   0x08004b52   0x00000042   Code   RO         4064    i.xQueueGenericCreate  queue.o
    0x08004b94   0x08004b94   0x00000066   Code   RO         4065    i.xQueueGenericCreateStatic  queue.o
    0x08004bfa   0x08004bfa   0x00000002   PAD
    0x08004bfc   0x08004bfc   0x00000088   Code   RO         4066    i.xQueueGenericReset  queue.o
    0x08004c84   0x08004c84   0x00000160   Code   RO         4067    i.xQueueGenericSend  queue.o
    0x08004de4   0x08004de4   0x000000be   Code   RO         4068    i.xQueueGenericSendFromISR  queue.o
    0x08004ea2   0x08004ea2   0x0000009c   Code   RO         4071    i.xQueueGiveFromISR  queue.o
    0x08004f3e   0x08004f3e   0x00000002   PAD
    0x08004f40   0x08004f40   0x00000138   Code   RO         4077    i.xQueueReceive     queue.o
    0x08005078   0x08005078   0x0000009a   Code   RO         4078    i.xQueueReceiveFromISR  queue.o
    0x08005112   0x08005112   0x00000002   PAD
    0x08005114   0x08005114   0x00000178   Code   RO         4079    i.xQueueSemaphoreTake  queue.o
    0x0800528c   0x0800528c   0x00000074   Code   RO         4488    i.xTaskCheckForTimeOut  tasks.o
    0x08005300   0x08005300   0x0000005a   Code   RO         4489    i.xTaskCreate       tasks.o
    0x0800535a   0x0800535a   0x00000056   Code   RO         4490    i.xTaskCreateStatic  tasks.o
    0x080053b0   0x080053b0   0x0000001c   Code   RO         4494    i.xTaskGetSchedulerState  tasks.o
    0x080053cc   0x080053cc   0x0000000c   Code   RO         4495    i.xTaskGetTickCount  tasks.o
    0x080053d8   0x080053d8   0x000000c8   Code   RO         4497    i.xTaskIncrementTick  tasks.o
    0x080054a0   0x080054a0   0x00000080   Code   RO         4500    i.xTaskPriorityDisinherit  tasks.o
    0x08005520   0x08005520   0x00000078   Code   RO         4501    i.xTaskPriorityInherit  tasks.o
    0x08005598   0x08005598   0x00000070   Code   RO         4502    i.xTaskRemoveFromEventList  tasks.o
    0x08005608   0x08005608   0x000000c4   Code   RO         4503    i.xTaskResumeAll    tasks.o
    0x080056cc   0x080056cc   0x00000060   Code   RO         4828    i.xTimerCreateTimerTask  timers.o
    0x0800572c   0x0800572c   0x00000068   Code   RO         4829    i.xTimerGenericCommand  timers.o
    0x08005794   0x08005794   0x0000000a   Code   RO         6074    x$fpl$fpinit        fz_wm.l(fpinit.o)
    0x0800579e   0x0800579e   0x00000000   Code   RO         5950    x$fpl$usenofp       fz_wm.l(usenofp.o)
    0x0800579e   0x0800579e   0x00000008   Data   RO          943    .constdata          stm32f4xx_hal_dma.o
    0x080057a6   0x080057a6   0x00000010   Data   RO         3840    .constdata          system_stm32f4xx.o
    0x080057b6   0x080057b6   0x00000008   Data   RO         3841    .constdata          system_stm32f4xx.o
    0x080057be   0x080057be   0x00000002   PAD
    0x080057c0   0x080057c0   0x00000040   Data   RO         5707    .constdata          adc_driver.o
    0x08005800   0x08005800   0x00000024   Data   RO         5804    .constdata          adc_unpack.o
    0x08005824   0x08005824   0x00000024   Data   RO         5869    .constdata          adc_task.o
    0x08005848   0x08005848   0x00000140   Data   RO         5930    .constdata          m_wm.l(powf.o)
    0x08005988   0x08005988   0x0000000b   Data   RO         5805    .conststring        adc_unpack.o
    0x08005993   0x08005993   0x00000001   PAD
    0x08005994   0x08005994   0x00000009   Data   RO         5870    .conststring        adc_task.o
    0x0800599d   0x0800599d   0x00000003   PAD
    0x080059a0   0x080059a0   0x00000020   Data   RO         6132    Region$$Table       anon$$obj.o


    Execution Region RW_IRAM1 (Exec base: 0x20000000, Load base: 0x080059c0, Size: 0x00005e60, Max: 0x0001c000, ABSOLUTE, COMPRESSED[0x00000010])

    Exec Addr    Load Addr    Size         Type   Attr      Idx    E Section Name        Object

    0x20000000   COMPRESSED   0x0000000c   Data   RW         1370    .data               stm32f4xx_hal.o
    0x2000000c   COMPRESSED   0x00000004   Data   RW         3842    .data               system_stm32f4xx.o
    0x20000010   COMPRESSED   0x0000003c   Data   RW         4506    .data               tasks.o
    0x2000004c   COMPRESSED   0x00000014   Data   RW         4837    .data               timers.o
    0x20000060   COMPRESSED   0x00000004   Data   RW         5062    .data               cmsis_os2.o
    0x20000064   COMPRESSED   0x00000020   Data   RW         5508    .data               heap_4.o
    0x20000084   COMPRESSED   0x0000000c   Data   RW         5564    .data               port.o
    0x20000090   COMPRESSED   0x00000004   Data   RW         5640    .data               adc_buffer.o
    0x20000094   COMPRESSED   0x0000008c   Data   RW         5708    .data               adc_driver.o
    0x20000120   COMPRESSED   0x00000010   Data   RW         5806    .data               adc_unpack.o
    0x20000130   COMPRESSED   0x00000010   Data   RW         5871    .data               adc_task.o
    0x20000140        -       0x00000630   Zero   RW           21    .bss                main.o
    0x20000770        -       0x00000060   Zero   RW           22    .bss                main.o
    0x200007d0        -       0x00000060   Zero   RW           23    .bss                main.o
    0x20000830        -       0x00000060   Zero   RW           24    .bss                main.o
    0x20000890        -       0x00000048   Zero   RW          433    .bss                stm32f4xx_hal_timebase_tim.o
    0x200008d8        -       0x00000040   Zero   RW         4081    .bss                queue.o
    0x20000918        -       0x000004c4   Zero   RW         4505    .bss                tasks.o
    0x20000ddc        -       0x00000118   Zero   RW         4836    .bss                timers.o
    0x20000ef4        -       0x000006b8   Zero   RW         5061    .bss                cmsis_os2.o
    0x200015ac        -       0x00003c00   Zero   RW         5507    .bss                heap_4.o
    0x200051ac        -       0x00000400   Zero   RW         5639    .bss                adc_buffer.o
    0x200055ac        -       0x00000018   Zero   RW         5706    .bss                adc_driver.o
    0x200055c4        -       0x000000ac   Zero   RW         5803    .bss                adc_unpack.o
    0x20005670        -       0x0000018c   Zero   RW         5868    .bss                adc_task.o
    0x200057fc        -       0x00000060   Zero   RW         5990    .bss                c_w.l(libspace.o)
    0x2000585c   COMPRESSED   0x00000004   PAD
    0x20005860        -       0x00000200   Zero   RW            2    HEAP                startup_stm32f405xx.o
    0x20005a60        -       0x00000400   Zero   RW            1    STACK               startup_stm32f405xx.o


    Execution Region RW_IRAM2 (Exec base: 0x2001c000, Load base: 0x080059d0, Size: 0x00000000, Max: 0x00004000, ABSOLUTE)

    **** No section assigned to this execution region ****


==============================================================================

Image component sizes


      Code (inc. data)   RO Data    RW Data    ZI Data      Debug   Object Name

       200         22          0          4       1024       8445   adc_buffer.o
       884         66         64        140         24       8513   adc_driver.o
       228         30         45         16        396       3201   adc_task.o
       448         58         47         16        172       4697   adc_unpack.o
       658         32          0          4       1720      67858   cmsis_os2.o
         0          0          0          0          0      19432   event_groups.o
       472         24          0         32      15360       4807   heap_4.o
       138          0          0          0          0       3486   list.o
       796         66          0          0       1872     673231   main.o
       786         82          0         12          0      11365   port.o
      2474         28          0          0         64      26180   queue.o
        64         26        392          0       1536        832   startup_stm32f405xx.o
       116         18          0         12          0       8634   stm32f4xx_hal.o
       158         14          0          0          0      33110   stm32f4xx_hal_cortex.o
      1084         16          8          0          0       7238   stm32f4xx_hal_dma.o
       530         52          0          0          0       2771   stm32f4xx_hal_gpio.o
       752         74          0          0          0       3548   stm32f4xx_hal_msp.o
       226          0          0          0          0       1711   stm32f4xx_hal_pcd.o
      1412         86          0          0          0       5813   stm32f4xx_hal_rcc.o
      1344         48          0          0          0      10774   stm32f4xx_hal_spi.o
       786         72          0          0          0       7228   stm32f4xx_hal_tim.o
         4          0          0          0          0       1561   stm32f4xx_hal_tim_ex.o
       140         20          0          0         72       1387   stm32f4xx_hal_timebase_tim.o
      1276         16          0          0          0       8196   stm32f4xx_hal_uart.o
       102         42          0          0          0       6409   stm32f4xx_it.o
       808         32          0          0          0       7289   stm32f4xx_ll_usb.o
         0          0          0          0          0        416   stream_buffer.o
        16          4         24          4          0       1091   system_stm32f4xx.o
      2372        192          0         60       1220      29133   tasks.o
       972         80          0         20        280      31939   timers.o

    ----------------------------------------------------------------------
     19294       1200        618        320      23740    1000295   Object Totals
         0          0         32          0          0          0   (incl. Generated)
        48          0          6          0          0          0   (incl. Padding)

    ----------------------------------------------------------------------

      Code (inc. data)   RO Data    RW Data    ZI Data      Debug   Library Member Name

        58          0          0          0          0          0   __dczerorl.o
         8          0          0          0          0         68   __main.o
         0          0          0          0          0          0   __rtentry.o
        12          0          0          0          0          0   __rtentry2.o
         6          0          0          0          0          0   __rtentry4.o
        52          8          0          0          0          0   __scatter.o
        28          0          0          0          0          0   __scatter_zi.o
        22          0          0          0          0        100   _rserrno.o
        16          0          0          0          0         68   aeabi_memset.o
        18          0          0          0          0         80   exit.o
         6          0          0          0          0        152   heapauxi.o
         0          0          0          0          0          0   indicate_semi.o
         2          0          0          0          0          0   libinit.o
         6          0          0          0          0          0   libinit2.o
         2          0          0          0          0          0   libshutdown.o
         2          0          0          0          0          0   libshutdown2.o
         8          4          0          0         96         68   libspace.o
       238          0          0          0          0        100   lludivv7m.o
         8          4          0          0          0         68   rt_errno_addr_intlibspace.o
        68          0          0          0          0         68   rt_memclr.o
        78          0          0          0          0         80   rt_memclr_w.o
       138          0          0          0          0         68   rt_memcpy_v6.o
       100          0          0          0          0         80   rt_memcpy_w.o
         2          0          0          0          0          0   rtexit.o
        10          0          0          0          0          0   rtexit2.o
        12          4          0          0          0         68   sys_exit.o
        74          0          0          0          0         80   sys_stackheap_outer.o
         2          0          0          0          0         68   use_no_semi.o
        10          0          0          0          0        116   fpinit.o
         0          0          0          0          0          0   usenofp.o
        38          0          0          0          0        116   fpclassifyf.o
        74         24          0          0          0        580   funder.o
      1636        110        320          0          0        372   powf.o

    ----------------------------------------------------------------------
      2744        154        320          0        100       2400   Library Totals
        10          0          0          0          4          0   (incl. Padding)

    ----------------------------------------------------------------------

      Code (inc. data)   RO Data    RW Data    ZI Data      Debug   Library Name

       976         20          0          0         96       1216   c_w.l
        10          0          0          0          0        116   fz_wm.l
      1748        134        320          0          0       1068   m_wm.l

    ----------------------------------------------------------------------
      2744        154        320          0        100       2400   Library Totals

    ----------------------------------------------------------------------

==============================================================================


      Code (inc. data)   RO Data    RW Data    ZI Data      Debug   

     22038       1354        938        320      23840     982123   Grand Totals
     22038       1354        938         16      23840     982123   ELF Image Totals (compressed)
     22038       1354        938         16          0          0   ROM Totals

==============================================================================

    Total RO  Size (Code + RO Data)                22976 (  22.44kB)
    Total RW  Size (RW Data + ZI Data)             24160 (  23.59kB)
    Total ROM Size (Code + RO Data + RW Data)      22992 (  22.45kB)

==============================================================================

